[mauritius.holidays.io/index.html]
[backblue.gif]
[fade.gif]
[index.html]
[mauritius.holidays.io/images/media/2020/08/WIAFU14910.png]
[mauritius.holidays.io/web/css/style.css]
[mauritius.holidays.io/web/css/theme-turqoise.css]
[mauritius.holidays.io/web/css/lightslider.min.css]
[use.fontawesome.com/e808bf9397.js]
[mauritius.holidays.io/images/favicon.ico]
[mauritius.holidays.io/web/fontawesome/css/all.css]
[mauritius.holidays.io/web/fontawesome/css/all.min.css]
[rawgit.com/LeshikJanz/libraries/master/Bootstrap/baguetteBox.min.8.delayed]
[cdnjs.cloudflare.com/ajax/libs/font-awesome/4.7.0/css/font-awesome.min.css]
[mauritius.holidays.io/web/images/ico/iconfinder_f095_213074.png]
[mauritius.holidays.io/contactus.html]
[mauritius.holidays.io/logintype.html]
[mauritius.holidays.io/traveller/register.html]
[code.jquery.com/jquery-latest.min.js]
[mauritius.holidays.io/accommodation.html]
[mauritius.holidays.io/tours.html]
[mauritius.holidays.io/transports.html]
[mauritius.holidays.io/travel-info/the-rainbow-io-mauritius.html]
[mauritius.holidays.io/my/cart.html]
[mauritius.holidays.io/public/uploads/home_slider/69610.jpg]
[mauritius.holidays.io/public/uploads/home_slider/66734.jpg]
[mauritius.holidays.io/web/images/services-mauritius.jpg]
[mauritius.holidays.io/quad-bike-east.html]
[mauritius.holidays.io/uploads/tour_media/2025/05/thumbnail/GAIki26907.jpg]
[mauritius.holidays.io/submarine-north.html]
[mauritius.holidays.io/uploads/tour_media/2025/05/thumbnail/oZlJe27210.jpg]
[mauritius.holidays.io/sailing-west-coast.html]
[mauritius.holidays.io/uploads/tour_media/2025/05/thumbnail/xserT26707.jpg]
[mauritius.holidays.io/canyoning.html]
[mauritius.holidays.io/uploads/tour_media/2025/05/thumbnail/nzh9n26607.jpg]
[mauritius.holidays.io/sailing-south-catamaran.html]
[mauritius.holidays.io/uploads/tour_media/2025/06/thumbnail/23NIV16107.jpg]
[mauritius.holidays.io/grand-bay-suites.html]
[mauritius.holidays.io/uploads/sys_acc/2024/06/thumbnail/JUpGp11910.jpg]
[mauritius.holidays.io/la-case-du-pecheur.html]
[mauritius.holidays.io/uploads/sys_acc/2024/07/thumbnail/AVW2n31109.jpg]
[mauritius.holidays.io/sandy-cove-villa.html]
[mauritius.holidays.io/uploads/sys_acc/2024/08/thumbnail/zOCCH27201.jpg]
[mauritius.holidays.io/gold-coast-villas.html]
[mauritius.holidays.io/uploads/sys_acc/2024/10/thumbnail/3dasw11405.jpg]
[mauritius.holidays.io/7-cascades-test.html]
[mauritius.holidays.io/uploads/sys_acc/2025/03/thumbnail/DUWTg12307.jpg]
[mauritius.holidays.io/anelia-resort-spa.html]
[mauritius.holidays.io/uploads/sys_acc/2024/07/thumbnail/sYyMc10709.jpg]
[mauritius.holidays.io/laguna-beach-hotel.html]
[mauritius.holidays.io/uploads/sys_acc/2024/06/thumbnail/SsqAo10610.jpg]
[mauritius.holidays.io/casuarina-resort-and-spa.html]
[mauritius.holidays.io/uploads/sys_acc/2024/07/thumbnail/Z7vmE10709.jpg]
[mauritius.holidays.io/le-cardinal-exclusive.html]
[mauritius.holidays.io/uploads/sys_acc/2024/07/thumbnail/K4mGr10510.jpg]
[mauritius.holidays.io/customised-guided-private-tours.html]
[mauritius.holidays.io/uploads/tour_media/2025/05/thumbnail/YeYay27410.jpg]
[mauritius.holidays.io/wedding-formalities-mauritius.html]
[mauritius.holidays.io/uploads/tour_media/2025/05/thumbnail/ZpoMY27210.jpg]
[mauritius.holidays.io/beach-wedding-mauritius.html]
[mauritius.holidays.io/uploads/tour_media/2025/05/thumbnail/x8sos27210.jpg]
[mauritius.holidays.io/catamaran-wedding-mauritius.html]
[mauritius.holidays.io/uploads/tour_media/2025/05/thumbnail/fCAS527610.jpg]
[mauritius.holidays.io/country-guide.html]
[mauritius.holidays.io/mauritius-guide.html]
[mauritius.holidays.io/mauritius-transportation.html]
[mauritius.holidays.io/mauritius-shopping.html]
[mauritius.holidays.io/mauritius-restaurants.html]
[mauritius.holidays.io/travel-info/caring-for-the-destination.html]
[mauritius.holidays.io/travel-info/mauritius-visa-requirements.html]
[mauritius.holidays.io/travel-info/our-reservation-e-commerce-service.html]
[mauritius.holidays.io/travel-info/activities-tours-and-eco-adventure.html]
[mauritius.holidays.io/travel-info/wedding-in-mauritius.html]
[mauritius.holidays.io/travel-info/endemic-plant-life-on-mauritius.html]
[mauritius.holidays.io/travel-info/family-holidays-in-mauritius.html]
[mauritius.holidays.io/travel-info/mauritius-spa-hotels-and-resorts.html]
[mauritius.holidays.io/travel-info/reward-and-recognition.html]
[mauritius.holidays.io/travel-info/holidays-rental-mauritius.html]
[mauritius.holidays.io/travel-info/mauritius-restaurant-in-grand-bay.html]
[mauritius.holidays.io/travel-info/flic-en-flac.html]
[mauritius.holidays.io/travel-info/horse-racing-in-Mauritius.html]
[mauritius.holidays.io/mauritius-map.html]
[mauritius.holidays.io/mauritius-weather.html]
[mauritius.holidays.io/mauritius-events.html]
[mauritius.holidays.io/mauritius-photo.html]
[mauritius.holidays.io/mauritius-video.html]
[mauritius.holidays.io/mauritius-hotel-review.html]
[mauritius.holidays.io/mauritius-travel-insurance.html]
[mauritius.holidays.io/responsible_tour.html]
[mauritius.holidays.io/transports0a55.html]
[mauritius.holidays.io/transports0738.html]
[mauritius.holidays.io/transports3afc.html]
[mauritius.holidays.io/transportsae6e.html]
[mauritius.holidays.io/aboutus.html]
[mauritius.holidays.io/terms_and_conditions.html]
[mauritius.holidays.io/privacy_statement.html]
[mauritius.holidays.io/faq.html]
[mauritius.holidays.io/site_map.html]
[mauritius.holidays.io/supplier-register.html]
[ajax.googleapis.com/ajax/libs/jquery/3.1.0/jquery.min.js]
[ajax.googleapis.com/ajax/libs/jqueryui/1.11.4/jquery-ui.min.js]
[mauritius.holidays.io/web/js/jquery.uniform.min.js]
[mauritius.holidays.io/web/js/jquery.slimmenu.min.js]
[mauritius.holidays.io/web/js/lightslider.min.js]
[mauritius.holidays.io/web/js/scripts.js]
[mauritius.holidays.io/web/js/custom.js]
[mauritius.holidays.io/web/js/sweetalert.min.js]
[cdnjs.cloudflare.com/ajax/libs/baguettebox.js/1.8.1/baguetteBox.min.js]
[mauritius.holidays.io/packages.html]
[mauritius.holidays.io/index.html]
[mauritius.holidays.io/web/images/ico/holidays-io-logo.png]
[mauritius.holidays.io/web/css/style.css]
[mauritius.holidays.io/web/css/theme-turqoise.css]
[mauritius.holidays.io/web/images/ico/controls.png]
[mauritius.holidays.io/web/css/lightslider.min.css]
[mauritius.holidays.io/images/favicon.html]
[mauritius.holidays.io/web/fontawesome/webfonts/fa-brands-400.eot]
[mauritius.holidays.io/web/fontawesome/webfonts/fa-brands-400d41d.eot]
[mauritius.holidays.io/web/fontawesome/webfonts/fa-brands-400.woff2]
[mauritius.holidays.io/web/fontawesome/webfonts/fa-brands-400.woff]
[mauritius.holidays.io/web/fontawesome/webfonts/fa-brands-400.ttf]
[mauritius.holidays.io/web/fontawesome/webfonts/fa-brands-400.svg]
[mauritius.holidays.io/web/fontawesome/webfonts/fa-regular-400.eot]
[mauritius.holidays.io/web/fontawesome/webfonts/fa-regular-400d41d.eot]
[mauritius.holidays.io/web/fontawesome/webfonts/fa-regular-400.woff2]
[mauritius.holidays.io/web/fontawesome/webfonts/fa-regular-400.woff]
[mauritius.holidays.io/web/fontawesome/webfonts/fa-regular-400.ttf]
[mauritius.holidays.io/web/fontawesome/webfonts/fa-regular-400.svg]
[mauritius.holidays.io/web/fontawesome/webfonts/fa-solid-900.eot]
[mauritius.holidays.io/web/fontawesome/webfonts/fa-solid-900d41d.eot]
[mauritius.holidays.io/web/fontawesome/webfonts/fa-solid-900.woff2]
[mauritius.holidays.io/web/fontawesome/webfonts/fa-solid-900.woff]
[mauritius.holidays.io/web/fontawesome/webfonts/fa-solid-900.ttf]
[mauritius.holidays.io/web/fontawesome/css/all.css]
[mauritius.holidays.io/web/fontawesome/css/all.min.css]
[rawgit.com/LeshikJanz/libraries/master/Bootstrap/baguetteBox.min.css]
[cdnjs.cloudflare.com/ajax/libs/font-awesome/4.7.0/css/font-awesome.min.css]
[mauritius.holidays.io/contactus.html]
[mauritius.holidays.io/web/fontawesome/webfonts/fa-solid-900.svg]
[mauritius.holidays.io/traveller/login.html]
[mauritius.holidays.io/logintype.html]
[mauritius.holidays.io/admin/login.html]
[mauritius.holidays.io/traveller/images/favicon.ico]
[mauritius.holidays.io/traveller/register.html]
[mauritius.holidays.io/public/uploads/home_slider/40450.jpg]
[mauritius.holidays.io/public/uploads/home_slider/26388.jpg]
[mauritius.holidays.io/images/media/holidays-accommodation-mauritius.jpg]
[holidaystest.mirackle.com/live/images/media/otentic-eco-tent-camping-mauritius.jpg]
[mauritius.holidays.io/accommodation.html]
[mauritius.holidays.io/public/uploads/home_slider/34461.jpg]
[mauritius.holidays.io/public/uploads/home_slider/13204.jpg]
[mauritius.holidays.io/images/media/holidays-activities-mauritius.jpg]
[mauritius.holidays.io/tours.html]
[holidaystest.mirackle.com/live/images/media/regate-pointe-desny-mauritius.jpg]
[mauritius.holidays.io/public/uploads/home_slider/41307.jpg]
[mauritius.holidays.io/transports7100.html]
[mauritius.holidays.io/transports9f4c.html]
[mauritius.holidays.io/transportsef9a.html]
[mauritius.holidays.io/transports3909.html]
[mauritius.holidays.io/uploads/transport_media/2025/03/thumbnail/EsKAU13112.jpg]
[mauritius.holidays.io/Arrival and Departure Airport Transfers - North.html]
[mauritius.holidays.io/uploads/transport_media/2025/03/thumbnail/aSLKM13612.jpg]
[mauritius.holidays.io/Arrival and Departure Airport Transfers South.html]
[mauritius.holidays.io/uploads/transport_media/2025/03/thumbnail/THC9413312.jpg]
[mauritius.holidays.io/Arrival and Departure Airport Transfers - East.html]
[mauritius.holidays.io/uploads/transport_media/2025/03/thumbnail/nppII13312.jpg]
[mauritius.holidays.io/Arrival and Departure - West Coast.html]
[mauritius.holidays.io/uploads/transport_media/2025/03/thumbnail/S5QEE13112.jpg]
[mauritius.holidays.io/Departure Airport Transfer North.html]
[mauritius.holidays.io/uploads/transport_media/2025/03/thumbnail/5ltAr13812.jpg]
[mauritius.holidays.io/Departure Airport Transfer South.html]
[mauritius.holidays.io/uploads/transport_media/2025/03/thumbnail/XKN3K13212.jpg]
[mauritius.holidays.io/Departure Airport Transfer East.html]
[mauritius.holidays.io/uploads/transport_media/2025/03/thumbnail/OnX6u13509.jpg]
[mauritius.holidays.io/Departure Airport Transfer West.html]
[mauritius.holidays.io/uploads/transport_media/2025/03/thumbnail/IKXH413210.jpg]
[mauritius.holidays.io/Arrival Airport Transfers West Coast.html]
[mauritius.holidays.io/uploads/transport_media/2025/03/thumbnail/vZQ2C13210.jpg]
[mauritius.holidays.io/Arrival Airport Transfers East Coast.html]
[mauritius.holidays.io/transports.html]
[mauritius.holidays.io/transports4658.html]
[mauritius.holidays.io/travel-info/images/favicon.ico]
[mauritius.holidays.io/public/uploads/home_slider/14221.jpg]
[mauritius.holidays.io/public/uploads/home_slider/14890.jpg]
[mauritius.holidays.io/travel-info/the-rainbow-io-mauritius.html]
[mauritius.holidays.io/my/images/favicon.ico]
[mauritius.holidays.io/admin/bootstrap/js/bootstrap.min.js]
[mauritius.holidays.io/my/cart.html]
[mauritius.holidays.io/admin/plugins/datepicker/bootstrap-datepicker.js]
[mauritius.holidays.io/web/dist/css/lightbox.min.css]
[mauritius.holidays.io/admin/plugins/datepicker/datepicker3.css]
[mauritius.holidays.io/uploads/tour_media/2025/04/large/IlHzE15511.jpg]
[mauritius.holidays.io/mauritius-tours/mauritius-tours]
[mauritius.holidays.io/quad-bike-east/tours_booking7b69.html]
[mauritius.holidays.io/quad-bike-east/tour_location7b69.html]
[mauritius.holidays.io/quad-bike-east/tour_gallery7b69.html]
[mauritius.holidays.io/quad-bike-east.html]
[mauritius.holidays.io/web/dist/js/lightbox-plus-jquery.min.js]
[mauritius.holidays.io/uploads/tour_media/2024/09/large/wfC0b05906.jpg]
[mauritius.holidays.io/submarine-north/tours_booking7b69.html]
[mauritius.holidays.io/submarine-north/tour_location7b69.html]
[mauritius.holidays.io/submarine-north.html]
[mauritius.holidays.io/submarine-north/tour_gallery7b69.html]
[mauritius.holidays.io/uploads/tour_media/2024/08/large/Lrjkc27209.png]
[mauritius.holidays.io/sailing-west-coast/tours_booking7b69.html]
[mauritius.holidays.io/sailing-west-coast/tour_location7b69.html]
[mauritius.holidays.io/sailing-west-coast.html]
[mauritius.holidays.io/sailing-west-coast/tour_gallery7b69.html]
[mauritius.holidays.io/uploads/tour_media/2024/08/large/S39mP27312.jpg]
[mauritius.holidays.io/canyoning/tours_booking7b69.html]
[mauritius.holidays.io/canyoning/tour_location7b69.html]
[mauritius.holidays.io/canyoning.html]
[mauritius.holidays.io/canyoning/tour_gallery7b69.html]
[mauritius.holidays.io/images/speed-boat-trip-south-east-mauritius.jpg]
[mauritius.holidays.io/sailing-south-catamaran/tours_booking7b69.html]
[mauritius.holidays.io/sailing-south-catamaran/tour_location7b69.html]
[mauritius.holidays.io/sailing-south-catamaran.html]
[mauritius.holidays.io/sailing-south-catamaran/tour_gallery7b69.html]
[mauritius.holidays.io/uploads/sys_acc/2024/06/large/fhLlD11510.jpg]
[mauritius.holidays.io/grand-bay-suites/accm_location607e.html]
[mauritius.holidays.io/grand-bay-suites.html]
[mauritius.holidays.io/grand-bay-suites/accm_gallery607e.html]
[mauritius.holidays.io/uploads/sys_acc/2024/07/large/UnrtU31509.jpg]
[mauritius.holidays.io/la-case-du-pecheur/accm_roomrate607e.html]
[mauritius.holidays.io/la-case-du-pecheur/accm_location607e.html]
[mauritius.holidays.io/la-case-du-pecheur.html]
[mauritius.holidays.io/la-case-du-pecheur/accm_gallery607e.html]
[mauritius.holidays.io/uploads/sys_acc/2025/04/large/s8ObM09212.jpg]
[mauritius.holidays.io/sandy-cove-villa/accm_roomrate607e.html]
[mauritius.holidays.io/sandy-cove-villa/accm_location607e.html]
[mauritius.holidays.io/sandy-cove-villa.html]
[mauritius.holidays.io/sandy-cove-villa/accm_gallery607e.html]
[mauritius.holidays.io/uploads/sys_acc/2025/04/large/nHHWs03708.jpg]
[mauritius.holidays.io/gold-coast-villas/accm_roomrate607e.html]
[mauritius.holidays.io/gold-coast-villas/accm_location607e.html]
[mauritius.holidays.io/gold-coast-villas.html]
[mauritius.holidays.io/gold-coast-villas/accm_gallery607e.html]
[mauritius.holidays.io/7-cascades-test/accm_roomrate607e.html]
[mauritius.holidays.io/7-cascades-test/accm_location607e.html]
[mauritius.holidays.io/7-cascades-test.html]
[mauritius.holidays.io/7-cascades-test/accm_gallery607e.html]
[mauritius.holidays.io/uploads/sys_acc/2025/04/large/1X8h409501.jpg]
[mauritius.holidays.io/uploads/sys_acc/2025/04/large/C0YCU09601.jpg]
[mauritius.holidays.io/uploads/sys_acc/2025/04/large/6iFb309201.jpg]
[mauritius.holidays.io/anelia-resort-spa/accm_roomrate607e.html]
[mauritius.holidays.io/anelia-resort-spa/accm_location607e.html]
[mauritius.holidays.io/anelia-resort-spa.html]
[mauritius.holidays.io/anelia-resort-spa/accm_gallery607e.html]
[mauritius.holidays.io/uploads/sys_acc/2024/07/large/L9uGK10109.jpg]
[mauritius.holidays.io/laguna-beach-hotel/accm_roomrate607e.html]
[mauritius.holidays.io/laguna-beach-hotel/accm_location607e.html]
[mauritius.holidays.io/laguna-beach-hotel.html]
[mauritius.holidays.io/laguna-beach-hotel/accm_gallery607e.html]
[mauritius.holidays.io/uploads/sys_acc/2024/07/large/u0b2K10809.jpg]
[mauritius.holidays.io/casuarina-resort-and-spa/accm_roomrate607e.html]
[mauritius.holidays.io/casuarina-resort-and-spa/accm_location607e.html]
[mauritius.holidays.io/casuarina-resort-and-spa.html]
[mauritius.holidays.io/casuarina-resort-and-spa/accm_gallery607e.html]
[mauritius.holidays.io/uploads/sys_acc/2024/07/large/anBUf10109.jpg]
[mauritius.holidays.io/le-cardinal-exclusive/accm_roomrate607e.html]
[mauritius.holidays.io/le-cardinal-exclusive/accm_location607e.html]
[mauritius.holidays.io/le-cardinal-exclusive.html]
[mauritius.holidays.io/le-cardinal-exclusive/accm_gallery607e.html]
[mauritius.holidays.io/uploads/tour_media/2025/04/large/Fpjz314307.jpg]
[mauritius.holidays.io/customised-guided-private-tours/tours_booking7b69.html]
[mauritius.holidays.io/customised-guided-private-tours/tour_location7b69.html]
[mauritius.holidays.io/customised-guided-private-tours.html]
[mauritius.holidays.io/customised-guided-private-tours/tour_gallery7b69.html]
[mauritius.holidays.io/wedding-formalities-mauritius/tours_booking7b69.html]
[mauritius.holidays.io/wedding-formalities-mauritius/tour_location7b69.html]
[mauritius.holidays.io/wedding-formalities-mauritius.html]
[mauritius.holidays.io/wedding-formalities-mauritius/tour_gallery7b69.html]
[mauritius.holidays.io/beach-wedding-mauritius/tours_booking7b69.html]
[mauritius.holidays.io/beach-wedding-mauritius/tour_location7b69.html]
[mauritius.holidays.io/beach-wedding-mauritius.html]
[mauritius.holidays.io/beach-wedding-mauritius/tour_gallery7b69.html]
[mauritius.holidays.io/catamaran-wedding-mauritius/tours_booking7b69.html]
[mauritius.holidays.io/catamaran-wedding-mauritius/tour_location7b69.html]
[mauritius.holidays.io/catamaran-wedding-mauritius.html]
[mauritius.holidays.io/country-guide.html]
[mauritius.holidays.io/mauritius-guide.html]
[mauritius.holidays.io/mauritius-transportation.html]
[mauritius.holidays.io/catamaran-wedding-mauritius/tour_gallery7b69.html]
[mauritius.holidays.io/cdn-cgi/l/email-protection]
[mauritius.holidays.io/mauritius-shopping.html]
[mauritius.holidays.io/mauritius-restaurants.html]
[mauritius.holidays.io/travel-info/caring-for-the-destination.html]
[mauritius.holidays.io/travel-info/mauritius-visa-requirements.html]
[mauritius.holidays.io/travel-info/our-reservation-e-commerce-service.html]
[mauritius.holidays.io/cdn-cgi/scripts/5c5dd728/cloudflare-static/email-decode.min.js]
[mauritius.holidays.io/web/images/unknow_general/quad_biking_at_casela_bird_park.jpg]
[mauritius.holidays.io/web/images/unknow_general/mauritius_sea_west_activities_03.jpg]
[mauritius.holidays.io/web/images/unknow_general/01-08-2011_16-14-29.jpg]
[mauritius.holidays.io/web/images/unknow_general/_1010007.jpg]
[mauritius.holidays.io/web/images/unknow_general/ote-canyon-mareauxjoncs-01.jpg]
[mauritius.holidays.io/web/images/unknow_general/domaine_mont_choisy_mauritius_child_riding_horse.jpg]
[mauritius.holidays.io/travel-info/activities-tours-and-eco-adventure.html]
[mauritius.holidays.io/web/images/unknow_general/bollywood_theme_wedding_mauritius.jpg]
[mauritius.holidays.io/web/images/unknow_general/civil_wedding_mauritius.jpg]
[mauritius.holidays.io/web/images/unknow_general/beach_wedding_mauritius.jpg]
[mauritius.holidays.io/web/images/unknow_general/religous_wedding_mauritius.jpg]
[mauritius.holidays.io/web/images/unknow_general/fireworks_for_events_and_weddings_mauritius.jpg]
[mauritius.holidays.io/web/images/unknow_general/entertainment_for_events_and_weddings_mauritius.jpg]
[mauritius.holidays.io/travel-info/wedding-in-mauritius.html]
[mauritius.holidays.io/web/images/unknow_general/reperes_03_1769.jpg]
[mauritius.holidays.io/web/images/unknow_general/dodo-skeleton_natural_history_museum_london_england.jpg]
[mauritius.holidays.io/web/images/unknow_general/ameenah.jpg]
[mauritius.holidays.io/web/images/unknow_general/brgorges.jpg]
[mauritius.holidays.io/web/images/unknow_general/1.1267792467.lily-pads-pamplemousses-botanical-gardens.jpg]
[mauritius.holidays.io/web/images/unknow_general/ilot_gabriel.jpg]
[mauritius.holidays.io/web/images/unknow_general/bois_de_ronde_erythroxylum_laurifolium.jpg]
[mauritius.holidays.io/travel-info/endemic-plant-life-on-mauritius.html]
[mauritius.holidays.io/web/images/unknow_general/market_of_port_louis_mauritius.jpg]
[mauritius.holidays.io/web/images/unknow_general/bernard_beach_villa.jpg]
[mauritius.holidays.io/web/images/unknow_general/p1010685.jpg]
[mauritius.holidays.io/web/images/unknow_general/800px-bluepenny_museum_port_louis.jpg]
[mauritius.holidays.io/travel-info/family-holidays-in-mauritius.html]
[mauritius.holidays.io/web/images/unknow_general/sb-spa-021.jpg]
[mauritius.holidays.io/web/images/unknow_general/shirodhara.jpg]
[mauritius.holidays.io/web/images/unknow_general/coressences.jpg]
[mauritius.holidays.io/web/images/unknow_general/index.jpg]
[mauritius.holidays.io/travel-info/mauritius-spa-hotels-and-resorts.html]
[mauritius.holidays.io/travel-info/reward-and-recognition.html]
[mauritius.holidays.io/travel-info/holidays-rental-mauritius.html]
[mauritius.holidays.io/travel-info/mauritius-restaurant-in-grand-bay.html]
[mauritius.holidays.io/web/images/unknow_general/1_sea_and_beach.jpg]
[mauritius.holidays.io/web/images/unknow_general/2_main_services.jpg]
[mauritius.holidays.io/web/images/unknow_general/3_other_services.jpg]
[mauritius.holidays.io/web/images/unknow_general/4_activities.jpg]
[mauritius.holidays.io/web/images/unknow_general/5_restaurant.jpg]
[mauritius.holidays.io/web/images/unknow_general/6_fast_food.jpg]
[mauritius.holidays.io/web/images/unknow_general/7_shopping.jpg]
[mauritius.holidays.io/web/images/unknow_general/8_nightclub.jpg]
[mauritius.holidays.io/travel-info/flic-en-flac.html]
[mauritius.holidays.io/web/images/unknow_general/colonel_edward_draper.jpg]
[mauritius.holidays.io/web/images/unknow_general/horse_racing_in_mauritius.jpg]
[mauritius.holidays.io/web/images/unknow_general/champ_de_mars_the_watch.jpg]
[mauritius.holidays.io/web/images/unknow_general/15297.jpg]
[mauritius.holidays.io/travel-info/horse-racing-in-Mauritius.html]
[mauritius.holidays.io/mauritius-map.html]
[mauritius.holidays.io/images/04d.png]
[mauritius.holidays.io/mauritius-weather.html]
[mauritius.holidays.io/event/All_Saints_Day]
[mauritius.holidays.io/event/Arrival_Of_the_Indentured_Labourers]
[mauritius.holidays.io/event/Christmas]
[mauritius.holidays.io/event/New_Year]
[mauritius.holidays.io/event/abolition-of-slavery]
[mauritius.holidays.io/event/Independence_Day]
[mauritius.holidays.io/event/Labour-Day]
[mauritius.holidays.io/event/Father_Laval_Feast_Day]
[mauritius.holidays.io/mauritius-events.html]
[mauritius.holidays.io/public/uploads/photo_garray/2021/02/thumbnail/8ri9s01306.jpg]
[mauritius.holidays.io/public/uploads/photo_garray/2021/02/thumbnail/1vZWY01106.jpg]
[mauritius.holidays.io/public/uploads/photo_garray/2021/02/thumbnail/oM2KP01306.jpg]
[mauritius.holidays.io/public/uploads/photo_garray/2021/02/thumbnail/Gj4YP01306.jpg]
[mauritius.holidays.io/public/uploads/photo_garray/2021/02/thumbnail/GFw9501106.jpg]
[mauritius.holidays.io/public/uploads/photo_garray/2021/02/thumbnail/BD9Zc01606.jpg]
[mauritius.holidays.io/public/uploads/photo_garray/2021/02/thumbnail/DIvrl01606.jpg]
[mauritius.holidays.io/public/uploads/photo_garray/2021/01/thumbnail/o49GA29908.jpg]
[mauritius.holidays.io/public/uploads/photo_garray/2021/01/thumbnail/xXxlC29409.jpg]
[mauritius.holidays.io/mauritius-photo.html]
[mauritius.holidays.io/mauritius-video.html]
[mauritius.holidays.io/images/uploads/anelia_resort_mauritius_swimming_pool_and_restaurant.jpg]
[mauritius.holidays.io/mauritius-hotel-review.html]
[mauritius.holidays.io/mauritius-travel-insurance.html]
[mauritius.holidays.io/responsible_tour.html]
[mauritius.holidays.io/transports0a55.html]
[mauritius.holidays.io/transports987c.html]
[mauritius.holidays.io/uploads/transport_media/2025/03/thumbnail/VAI5U13410.jpg]
[mauritius.holidays.io/Inter-Hotel Transfer (One way) Mini Bus.html]
[mauritius.holidays.io/uploads/transport_media/2025/03/thumbnail/gdKu213910.jpg]
[mauritius.holidays.io/Minibus Arrival and Departure - North Coast.html]
[mauritius.holidays.io/uploads/transport_media/2025/03/thumbnail/xfFmX13410.jpg]
[mauritius.holidays.io/Minibus Arrival and Departure - South Coast.html]
[mauritius.holidays.io/uploads/transport_media/2025/03/thumbnail/OcLmO13610.jpg]
[mauritius.holidays.io/Minibus Arrival and Departure - East Coast.html]
[mauritius.holidays.io/uploads/transport_media/2025/03/thumbnail/XoGX913510.jpg]
[mauritius.holidays.io/Minibus Arrival and Departure - West Coast.html]
[mauritius.holidays.io/uploads/transport_media/2025/03/thumbnail/TDQf813910.jpg]
[mauritius.holidays.io/transports0738.html]
[mauritius.holidays.io/Minibus Arrival Airport Transfers North Coast.html]
[mauritius.holidays.io/uploads/transport_media/2025/03/thumbnail/tGxH113810.jpg]
[mauritius.holidays.io/Inter-Hotel Transfer (One way) Coaster.html]
[mauritius.holidays.io/uploads/transport_media/2025/03/thumbnail/H72VP13610.jpg]
[mauritius.holidays.io/Coaster Arrival and Departure - North Coast.html]
[mauritius.holidays.io/uploads/transport_media/2025/03/thumbnail/GPbZS13710.jpg]
[mauritius.holidays.io/Coaster Arrival and Departure - South Coast.html]
[mauritius.holidays.io/uploads/transport_media/2025/03/thumbnail/J7n3T13810.jpg]
[mauritius.holidays.io/Coaster Arrival and Departure - East Coast.html]
[mauritius.holidays.io/uploads/transport_media/2025/03/thumbnail/akRnL13810.jpg]
[mauritius.holidays.io/transports3afc.html]
[mauritius.holidays.io/Coaster Arrival and Departure - West Coast.html]
[mauritius.holidays.io/uploads/transport_media/2025/03/thumbnail/jCdbq13310.jpg]
[mauritius.holidays.io/transportsae6e.html]
[mauritius.holidays.io/aboutus.html]
[mauritius.holidays.io/terms_and_conditions.html]
[mauritius.holidays.io/privacy_statement.html]
[mauritius.holidays.io/faq.html]
[mauritius.holidays.io/Customised Guided Private Tours.html]
[mauritius.holidays.io/advanced-open-water-diver-course.html]
[mauritius.holidays.io/hiking-black-river-gorges.html]
[mauritius.holidays.io/la-route-du-the.html]
[mauritius.holidays.io/sea-kayaking-ile-dambre.html]
[mauritius.holidays.io/skydive.html]
[mauritius.holidays.io/swim-with-dolphins.html]
[mauritius.holidays.io/visit-ile-aux-aigrettes.html]
[mauritius.holidays.io/zipline-south.html]
[mauritius.holidays.io/site_map.html]
[mauritius.holidays.io/supplier-register.html]
[mauritius.holidays.io/5-nights-deal.html]
[mauritius.holidays.io/public/uploads/home_slider/24038.jpg]
[mauritius.holidays.io/public/images/product_no_image.jpg]
[mauritius.holidays.io/packages.html]
[mauritius.holidays.io/web/fontawesome/webfonts/fa-brands-400.svg]
[mauritius.holidays.io/web/fontawesome/webfonts/fa-regular-400.svg]
[mauritius.holidays.io/web/fontawesome/webfonts/fa-solid-900.svg]
[mauritius.holidays.io/traveller/login.html]
[mauritius.holidays.io/admin/password_reset.html]
[mauritius.holidays.io/admin/bootstrap/css/bootstrap.min.css]
[mauritius.holidays.io/admin/bootstrap/css/styles.css]
[mauritius.holidays.io/admin/css/dropzone.css]
[mauritius.holidays.io/admin/css/custom.ilyas.css]
[mauritius.holidays.io/admin/css/jquery.fancybox.min.css]
[cdnjs.cloudflare.com/ajax/libs/font-awesome/4.5.0/css/font-awesome.min.css]
[mauritius.holidays.io/admin/plugins/select2/select2.min.css]
[mauritius.holidays.io/admin/plugins/colorpicker/bootstrap-colorpicker.min.css]
[mauritius.holidays.io/admin/plugins/timepicker/bootstrap-timepicker.min.css]
[mauritius.holidays.io/admin/css/ionicons.min.css]
[mauritius.holidays.io/admin/css/image-picker.css]
[mauritius.holidays.io/admin/plugins/daterangepicker/daterangepicker-bs3.css]
[mauritius.holidays.io/admin/plugins/jvectormap/jquery-jvectormap-1.2.2.css]
[mauritius.holidays.io/admin/dist/css/AdminLTE.min.css]
[mauritius.holidays.io/admin/dist/css/skins/_all-skins.min.css]
[mauritius.holidays.io/admin/plugins/iCheck/all.css]
[cdnjs.cloudflare.com/ajax/libs/ionicons/2.0.1/css/ionicons.min.css]
[mauritius.holidays.io/admin/plugins/jQuery/jQuery-2.2.0.min.js]
[mauritius.holidays.io/admin/plugins/select2/select2.full.min.js]
[mauritius.holidays.io/admin/plugins/input-mask/jquery.inputmask.js]
[mauritius.holidays.io/admin/plugins/input-mask/jquery.inputmask.date.extensions.js]
[mauritius.holidays.io/admin/plugins/input-mask/jquery.inputmask.extensions.js]
[mauritius.holidays.io/admin/js/jquery.validate.js]
[cdnjs.cloudflare.com/ajax/libs/moment.js/2.11.2/moment.min.js]
[mauritius.holidays.io/admin/plugins/daterangepicker/daterangepicker.js]
[mauritius.holidays.io/admin/js/dropzone.js]
[mauritius.holidays.io/admin/js/image-picker.js]
[mauritius.holidays.io/admin/js/image-picker.min.js]
[mauritius.holidays.io/admin/js/multiselectdrop.js]
[mauritius.holidays.io/admin/js/jquery.fancybox.min.js]
[mauritius.holidays.io/admin/plugins/colorpicker/bootstrap-colorpicker.min.js]
[mauritius.holidays.io/admin/plugins/timepicker/bootstrap-timepicker.min.js]
[mauritius.holidays.io/admin/plugins/slimScroll/jquery.slimscroll.min.js]
[mauritius.holidays.io/admin/plugins/iCheck/icheck.min.js]
[mauritius.holidays.io/admin/plugins/fastclick/fastclick.js]
[mauritius.holidays.io/admin/dist/js/app.min.js]
[mauritius.holidays.io/admin/js/clipboard.min.js]
[mauritius.holidays.io/admin/js/demo.js]
[mauritius.holidays.io/admin/plugins/chartjs/Chart.min.js]
[mauritius.holidays.io/admin/plugins/jvectormap/jquery-jvectormap-1.2.2.min.js]
[mauritius.holidays.io/admin/plugins/jvectormap/jquery-jvectormap-world-mill-en.js]
[mauritius.holidays.io/admin/plugins/sparkline/jquery.sparkline.min.js]
[cdn.ckeditor.com/4.5.7/standard/ckeditor.js]
[mauritius.holidays.io/admin/plugins/bootstrap-wysihtml5/bootstrap3-wysihtml5.all.min.js]
[mauritius.holidays.io/admin/media/addimages]
[mauritius.holidays.io/admin/tours/image_delete]
[mauritius.holidays.io/admin/login.html]
[mauritius.holidays.io/traveller/images/favicon.html]
[mauritius.holidays.io/transports7100.html]
[mauritius.holidays.io/transports9f4c.html]
[mauritius.holidays.io/transportsef9a.html]
[mauritius.holidays.io/transports3909.html]
[mauritius.holidays.io/Arrival and Departure Airport Transfers - North.html]
[mauritius.holidays.io/Arrival and Departure Airport Transfers South.html]
[mauritius.holidays.io/Arrival and Departure Airport Transfers - East.html]
[mauritius.holidays.io/Arrival and Departure - West Coast.html]
[mauritius.holidays.io/Departure Airport Transfer North.html]
[mauritius.holidays.io/Departure Airport Transfer South.html]
[mauritius.holidays.io/Departure Airport Transfer East.html]
[mauritius.holidays.io/Departure Airport Transfer West.html]
[mauritius.holidays.io/Arrival Airport Transfers West Coast.html]
[mauritius.holidays.io/Arrival Airport Transfers East Coast.html]
[mauritius.holidays.io/transport.html]
[mauritius.holidays.io/transportsd82d.html]
[mauritius.holidays.io/transportsed05.html]
[mauritius.holidays.io/transports56d9.html]
[mauritius.holidays.io/uploads/transport_media/2025/03/thumbnail/wFy1t13210.jpg]
[mauritius.holidays.io/Arrival Airport Transfers South Coast.html]
[mauritius.holidays.io/uploads/transport_media/2025/03/thumbnail/ZGwy113310.jpg]
[mauritius.holidays.io/Arrival Airport Transfers North Coast.html]
[mauritius.holidays.io/uploads/transport_media/2025/03/thumbnail/KtIqE13910.jpg]
[mauritius.holidays.io/Inter-Hotel Transfer (One way).html]
[mauritius.holidays.io/uploads/transport_media/2025/03/thumbnail/iuqm724110.jpg]
[mauritius.holidays.io/Test Transport.html]
[mauritius.holidays.io/transports4658.html]
[mauritius.holidays.io/travel-info/images/favicon.html]
[mauritius.holidays.io/my/images/favicon.html]
[mauritius.holidays.io/transports2679.html]
[mauritius.holidays.io/web/dist/images/loading.gif]
[mauritius.holidays.io/web/dist/css/lightbox.min.css]
[mauritius.holidays.io/admin/plugins/datepicker/datepicker3.css]
[mauritius.holidays.io/mauritius-tours/mauritius-tours.html]
[mauritius.holidays.io/quad-bike-east/images/favicon.ico]
[mauritius.holidays.io/web/css/acc_detail_rate.css]
[mauritius.holidays.io/quad-bike-east/web/dist/css/lightbox.min.css]
[mauritius.holidays.io/quad-bike-east/tours_booking7b69.html]
[mauritius.holidays.io/quad-bike-east/tour_location7b69.html]
[mauritius.holidays.io/quad-bike-east7b69.html]
[mauritius.holidays.io/uploads/tour_media/2024/06/original/z67XG19805.jpg]
[mauritius.holidays.io/uploads/tour_media/2024/06/thumbnail/z67XG19805.jpg]
[mauritius.holidays.io/uploads/tour_media/2024/06/original/E3KhI19205.jpg]
[mauritius.holidays.io/uploads/tour_media/2024/06/thumbnail/E3KhI19205.jpg]
[mauritius.holidays.io/uploads/tour_media/2024/06/original/jc2HP19705.jpg]
[mauritius.holidays.io/uploads/tour_media/2024/06/thumbnail/jc2HP19705.jpg]
[mauritius.holidays.io/uploads/tour_media/2025/01/original/3URBy21410.jpg]
[mauritius.holidays.io/uploads/tour_media/2025/01/thumbnail/3URBy21410.jpg]
[mauritius.holidays.io/uploads/tour_media/2025/01/original/zlbnd21110.jpg]
[mauritius.holidays.io/uploads/tour_media/2025/01/thumbnail/zlbnd21110.jpg]
[mauritius.holidays.io/uploads/tour_media/2025/01/original/oedOw21610.jpg]
[mauritius.holidays.io/uploads/tour_media/2025/01/thumbnail/oedOw21610.jpg]
[mauritius.holidays.io/uploads/tour_media/2025/01/original/dImlI21610.jpg]
[mauritius.holidays.io/uploads/tour_media/2025/01/thumbnail/dImlI21610.jpg]
[mauritius.holidays.io/uploads/tour_media/2025/01/original/Ld1q021710.jpg]
[mauritius.holidays.io/uploads/tour_media/2025/01/thumbnail/Ld1q021710.jpg]
[mauritius.holidays.io/uploads/tour_media/2025/01/original/XVboK21810.jpg]
[mauritius.holidays.io/uploads/tour_media/2025/01/thumbnail/XVboK21810.jpg]
[mauritius.holidays.io/quad-bike-east/tour_gallery7b69.html]
[mauritius.holidays.io/submarine-north/images/favicon.ico]
[mauritius.holidays.io/submarine-north/web/dist/css/lightbox.min.css]
[mauritius.holidays.io/submarine-north/tours_booking7b69.html]
[mauritius.holidays.io/submarine-north/tour_location7b69.html]
[mauritius.holidays.io/submarine-north7b69.html]
[mauritius.holidays.io/uploads/tour_media/2024/08/original/JOI2V21407.png]
[mauritius.holidays.io/uploads/tour_media/2024/08/thumbnail/JOI2V21407.png]
[mauritius.holidays.io/uploads/tour_media/2025/01/original/nQRYS21206.jpg]
[mauritius.holidays.io/uploads/tour_media/2025/01/thumbnail/nQRYS21206.jpg]
[mauritius.holidays.io/uploads/tour_media/2025/01/original/NuRlM21906.jpg]
[mauritius.holidays.io/uploads/tour_media/2025/01/thumbnail/NuRlM21906.jpg]
[mauritius.holidays.io/uploads/tour_media/2025/01/original/Vs8xd21606.jpg]
[mauritius.holidays.io/uploads/tour_media/2025/01/thumbnail/Vs8xd21606.jpg]
[mauritius.holidays.io/uploads/tour_media/2025/01/original/oxZHB21206.jpg]
[mauritius.holidays.io/uploads/tour_media/2025/01/thumbnail/oxZHB21206.jpg]
[mauritius.holidays.io/uploads/tour_media/2025/01/original/HRvbm21906.jpg]
[mauritius.holidays.io/uploads/tour_media/2025/01/thumbnail/HRvbm21906.jpg]
[mauritius.holidays.io/uploads/tour_media/2025/01/original/lfFYk21306.jpg]
[mauritius.holidays.io/uploads/tour_media/2025/01/thumbnail/lfFYk21306.jpg]
[mauritius.holidays.io/uploads/tour_media/2025/01/original/gQw3D21906.jpg]
[mauritius.holidays.io/uploads/tour_media/2025/01/thumbnail/gQw3D21906.jpg]
[mauritius.holidays.io/uploads/tour_media/2025/01/original/XyJmD21806.jpg]
[mauritius.holidays.io/uploads/tour_media/2025/01/thumbnail/XyJmD21806.jpg]
[mauritius.holidays.io/uploads/tour_media/2025/01/original/t1Q9p21306.jpg]
[mauritius.holidays.io/uploads/tour_media/2025/01/thumbnail/t1Q9p21306.jpg]
[mauritius.holidays.io/submarine-north/tour_gallery7b69.html]
[mauritius.holidays.io/sailing-west-coast/images/favicon.ico]
[mauritius.holidays.io/sailing-west-coast/web/dist/css/lightbox.min.css]
[mauritius.holidays.io/sailing-west-coast/tours_booking7b69.html]
[mauritius.holidays.io/sailing-west-coast/tour_location7b69.html]
[mauritius.holidays.io/sailing-west-coast7b69.html]
[mauritius.holidays.io/uploads/tour_media/2024/08/original/E0bKd27909.png]
[mauritius.holidays.io/uploads/tour_media/2024/08/thumbnail/E0bKd27909.png]
[mauritius.holidays.io/uploads/tour_media/2024/08/original/5sh9N27509.png]
[mauritius.holidays.io/uploads/tour_media/2024/08/thumbnail/5sh9N27509.png]
[mauritius.holidays.io/uploads/tour_media/2024/08/original/wt00w27709.png]
[mauritius.holidays.io/uploads/tour_media/2024/08/thumbnail/wt00w27709.png]
[mauritius.holidays.io/uploads/tour_media/2024/08/original/P5a8Z27509.png]
[mauritius.holidays.io/uploads/tour_media/2024/08/thumbnail/P5a8Z27509.png]
[mauritius.holidays.io/uploads/tour_media/2024/08/original/0mNns27709.png]
[mauritius.holidays.io/uploads/tour_media/2024/08/thumbnail/0mNns27709.png]
[mauritius.holidays.io/sailing-west-coast/tour_gallery7b69.html]
[mauritius.holidays.io/canyoning/images/favicon.1df.delayed]
[mauritius.holidays.io/canyoning/web/dist/css/lightbox.min.css]
[mauritius.holidays.io/canyoning/tours_booking7b69.html]
[mauritius.holidays.io/canyoning/tour_location7b69.html]
[mauritius.holidays.io/canyoning7b69.html]
[mauritius.holidays.io/uploads/tour_media/2024/08/original/k03Zz27512.jpg]
[mauritius.holidays.io/uploads/tour_media/2024/08/thumbnail/k03Zz27512.jpg]
[mauritius.holidays.io/uploads/tour_media/2024/08/original/EMmxk27312.jpg]
[mauritius.holidays.io/uploads/tour_media/2024/08/thumbnail/EMmxk27312.jpg]
[mauritius.holidays.io/uploads/tour_media/2024/08/original/aPq4627412.jpg]
[mauritius.holidays.io/uploads/tour_media/2024/08/thumbnail/aPq4627412.jpg]
[mauritius.holidays.io/uploads/tour_media/2025/01/original/IhCqs21406.jpg]
[mauritius.holidays.io/uploads/tour_media/2025/01/thumbnail/IhCqs21406.jpg]
[mauritius.holidays.io/uploads/tour_media/2025/01/original/lnb9J21806.jpg]
[mauritius.holidays.io/uploads/tour_media/2025/01/thumbnail/lnb9J21806.jpg]
[mauritius.holidays.io/uploads/tour_media/2025/01/original/5iDOK21806.jpg]
[mauritius.holidays.io/uploads/tour_media/2025/01/thumbnail/5iDOK21806.jpg]
[mauritius.holidays.io/uploads/tour_media/2025/01/original/2zMFN21706.jpg]
[mauritius.holidays.io/uploads/tour_media/2025/01/thumbnail/2zMFN21706.jpg]
[mauritius.holidays.io/uploads/tour_media/2025/01/original/cp6UG21106.jpg]
[mauritius.holidays.io/uploads/tour_media/2025/01/thumbnail/cp6UG21106.jpg]
[mauritius.holidays.io/canyoning/tour_gallery7b69.html]
[mauritius.holidays.io/sailing-south-catamaran/images/favicon.ico]
[mauritius.holidays.io/sailing-south-catamaran/web/dist/css/lightbox.min.css]
[mauritius.holidays.io/sailing-south-catamaran/images/speed-boat-trip-south-east-mauritius.jpg]
[mauritius.holidays.io/sailing-south-catamaran/tours_booking7b69.html]
[mauritius.holidays.io/sailing-south-catamaran/tour_location7b69.html]
[mauritius.holidays.io/sailing-south-catamaran7b69.html]
[mauritius.holidays.io/uploads/tour_media/2025/06/original/HYvK716607.jpg]
[mauritius.holidays.io/uploads/tour_media/2025/06/thumbnail/HYvK716607.jpg]
[mauritius.holidays.io/uploads/tour_media/2025/06/original/mmC5D16907.jpg]
[mauritius.holidays.io/uploads/tour_media/2025/06/thumbnail/mmC5D16907.jpg]
[mauritius.holidays.io/uploads/tour_media/2025/06/original/V2Kvw16207.jpg]
[mauritius.holidays.io/uploads/tour_media/2025/06/thumbnail/V2Kvw16207.jpg]
[mauritius.holidays.io/sailing-south-catamaran/tour_gallery7b69.html]
[mauritius.holidays.io/grand-bay-suites/images/favicon.ico]
[mauritius.holidays.io/grand-bay-suites/web/images/ico/market-mauritius-mahebourg.jpg]
[mauritius.holidays.io/grand-bay-suites607e.html]
[mauritius.holidays.io/grand-bay-suites/accm_location607e.html]
[mauritius.holidays.io/grand-bay-suites/accm_location.html]
[mauritius.holidays.io/grand-bay-suites/accm_gallery.html]
[mauritius.holidays.io/uploads/sys_acc/2024/06/original/YHRuA11210.jpg]
[mauritius.holidays.io/uploads/sys_acc/2024/06/thumbnail/YHRuA11210.jpg]
[mauritius.holidays.io/uploads/sys_acc/2024/06/original/NtQ0z11810.jpg]
[mauritius.holidays.io/uploads/sys_acc/2024/06/thumbnail/NtQ0z11810.jpg]
[mauritius.holidays.io/uploads/sys_acc/2024/06/original/DWHuo11910.jpg]
[mauritius.holidays.io/uploads/sys_acc/2024/06/thumbnail/DWHuo11910.jpg]
[mauritius.holidays.io/uploads/sys_acc/2024/06/original/kEZ1w11410.jpg]
[mauritius.holidays.io/uploads/sys_acc/2024/06/thumbnail/kEZ1w11410.jpg]
[mauritius.holidays.io/uploads/sys_acc/2024/06/original/QGWIS11610.jpg]
[mauritius.holidays.io/uploads/sys_acc/2024/06/thumbnail/QGWIS11610.jpg]
[mauritius.holidays.io/uploads/sys_acc/2024/06/original/3jtdN11410.jpg]
[mauritius.holidays.io/uploads/sys_acc/2024/06/thumbnail/3jtdN11410.jpg]
[mauritius.holidays.io/uploads/sys_acc/2024/06/original/IatCx11410.jpg]
[mauritius.holidays.io/uploads/sys_acc/2024/06/thumbnail/IatCx11410.jpg]
[mauritius.holidays.io/uploads/sys_acc/2024/06/original/GkHad11710.jpg]
[mauritius.holidays.io/uploads/sys_acc/2024/06/thumbnail/GkHad11710.jpg]
[mauritius.holidays.io/uploads/sys_acc/2024/06/original/dkqxU11410.jpg]
[mauritius.holidays.io/uploads/sys_acc/2024/06/thumbnail/dkqxU11410.jpg]
[mauritius.holidays.io/grand-bay-suites/accm_gallery607e.html]
[mauritius.holidays.io/la-case-du-pecheur/images/favicon.ico]
[mauritius.holidays.io/la-case-du-pecheur/web/images/ico/market-mauritius-mahebourg.jpg]
[mauritius.holidays.io/la-case-du-pecheur/accm_roomrate607e.html]
[mauritius.holidays.io/la-case-du-pecheur607e.html]
[mauritius.holidays.io/la-case-du-pecheur/accm_location607e.html]
[mauritius.holidays.io/la-case-du-pecheur/accm_location.html]
[mauritius.holidays.io/la-case-du-pecheur/accm_gallery.html]
[mauritius.holidays.io/uploads/sys_acc/2024/07/original/Lki7p31609.jpg]
[mauritius.holidays.io/uploads/sys_acc/2024/07/thumbnail/Lki7p31609.jpg]
[mauritius.holidays.io/uploads/sys_acc/2024/07/original/v5BIi31709.jpg]
[mauritius.holidays.io/uploads/sys_acc/2024/07/thumbnail/v5BIi31709.jpg]
[mauritius.holidays.io/uploads/sys_acc/2024/07/original/7HFgN31909.jpg]
[mauritius.holidays.io/uploads/sys_acc/2024/07/thumbnail/7HFgN31909.jpg]
[mauritius.holidays.io/uploads/sys_acc/2024/07/original/Pxs4B31709.jpg]
[mauritius.holidays.io/uploads/sys_acc/2024/07/thumbnail/Pxs4B31709.jpg]
[mauritius.holidays.io/uploads/sys_acc/2024/07/original/q29wl31209.jpg]
[mauritius.holidays.io/uploads/sys_acc/2024/07/thumbnail/q29wl31209.jpg]
[mauritius.holidays.io/uploads/sys_acc/2024/07/original/wFu3z31609.jpg]
[mauritius.holidays.io/uploads/sys_acc/2024/07/thumbnail/wFu3z31609.jpg]
[mauritius.holidays.io/la-case-du-pecheur/accm_gallery607e.html]
[mauritius.holidays.io/sandy-cove-villa/images/favicon.ico]
[mauritius.holidays.io/sandy-cove-villa/web/images/ico/market-mauritius-mahebourg.jpg]
[mauritius.holidays.io/sandy-cove-villa/accm_roomrate607e.html]
[mauritius.holidays.io/sandy-cove-villa607e.html]
[mauritius.holidays.io/sandy-cove-villa/accm_location607e.html]
[mauritius.holidays.io/sandy-cove-villa/accm_location.html]
[mauritius.holidays.io/sandy-cove-villa/accm_gallery.html]
[mauritius.holidays.io/uploads/sys_acc/2024/08/original/km01o27101.jpg]
[mauritius.holidays.io/uploads/sys_acc/2024/08/thumbnail/km01o27101.jpg]
[mauritius.holidays.io/uploads/sys_acc/2024/08/original/Yeu0j27701.jpg]
[mauritius.holidays.io/uploads/sys_acc/2024/08/thumbnail/Yeu0j27701.jpg]
[mauritius.holidays.io/uploads/sys_acc/2024/08/original/ugQzW27201.jpg]
[mauritius.holidays.io/uploads/sys_acc/2024/08/thumbnail/ugQzW27201.jpg]
[mauritius.holidays.io/uploads/sys_acc/2024/08/original/6DQEy27601.jpg]
[mauritius.holidays.io/uploads/sys_acc/2024/08/thumbnail/6DQEy27601.jpg]
[mauritius.holidays.io/uploads/sys_acc/2024/08/original/2EIZD27301.jpg]
[mauritius.holidays.io/uploads/sys_acc/2024/08/thumbnail/2EIZD27301.jpg]
[mauritius.holidays.io/uploads/sys_acc/2024/08/original/rZXSI27201.jpg]
[mauritius.holidays.io/uploads/sys_acc/2024/08/thumbnail/rZXSI27201.jpg]
[mauritius.holidays.io/uploads/sys_acc/2024/08/original/iMNe327501.jpg]
[mauritius.holidays.io/uploads/sys_acc/2024/08/thumbnail/iMNe327501.jpg]
[mauritius.holidays.io/uploads/sys_acc/2024/08/original/r7VcQ27801.jpg]
[mauritius.holidays.io/uploads/sys_acc/2024/08/thumbnail/r7VcQ27801.jpg]
[mauritius.holidays.io/uploads/sys_acc/2024/08/original/PDAJm27101.jpg]
[mauritius.holidays.io/uploads/sys_acc/2024/08/thumbnail/PDAJm27101.jpg]
[mauritius.holidays.io/uploads/sys_acc/2024/08/original/jej4K27201.jpg]
[mauritius.holidays.io/uploads/sys_acc/2024/08/thumbnail/jej4K27201.jpg]
[mauritius.holidays.io/sandy-cove-villa/accm_gallery607e.html]
[mauritius.holidays.io/gold-coast-villas/images/favicon.ico]
[mauritius.holidays.io/gold-coast-villas/web/images/ico/market-mauritius-mahebourg.jpg]
[mauritius.holidays.io/gold-coast-villas/accm_roomrate607e.html]
[mauritius.holidays.io/gold-coast-villas607e.html]
[mauritius.holidays.io/gold-coast-villas/accm_location607e.html]
[mauritius.holidays.io/gold-coast-villas/accm_location.html]
[mauritius.holidays.io/gold-coast-villas/accm_gallery.html]
[mauritius.holidays.io/uploads/sys_acc/2025/01/original/Ext7122111.jpg]
[mauritius.holidays.io/uploads/sys_acc/2025/01/thumbnail/Ext7122111.jpg]
[mauritius.holidays.io/uploads/sys_acc/2025/01/original/FCuGj22211.jpg]
[mauritius.holidays.io/uploads/sys_acc/2025/01/thumbnail/FCuGj22211.jpg]
[mauritius.holidays.io/uploads/sys_acc/2025/01/original/HlyO722911.jpg]
[mauritius.holidays.io/uploads/sys_acc/2025/01/thumbnail/HlyO722911.jpg]
[mauritius.holidays.io/uploads/sys_acc/2025/01/original/75KQ922411.jpg]
[mauritius.holidays.io/uploads/sys_acc/2025/01/thumbnail/75KQ922411.jpg]
[mauritius.holidays.io/uploads/sys_acc/2025/01/original/SMdQk22611.jpg]
[mauritius.holidays.io/uploads/sys_acc/2025/01/thumbnail/SMdQk22611.jpg]
[mauritius.holidays.io/uploads/sys_acc/2025/01/original/PEXfd22211.jpg]
[mauritius.holidays.io/uploads/sys_acc/2025/01/thumbnail/PEXfd22211.jpg]
[mauritius.holidays.io/uploads/sys_acc/2025/01/original/8hEC722911.jpg]
[mauritius.holidays.io/uploads/sys_acc/2025/01/thumbnail/8hEC722911.jpg]
[mauritius.holidays.io/uploads/sys_acc/2025/01/original/tNQRU22611.jpg]
[mauritius.holidays.io/uploads/sys_acc/2025/01/thumbnail/tNQRU22611.jpg]
[mauritius.holidays.io/uploads/sys_acc/2025/01/original/3arky22311.jpg]
[mauritius.holidays.io/uploads/sys_acc/2025/01/thumbnail/3arky22311.jpg]
[mauritius.holidays.io/uploads/sys_acc/2025/01/original/piotM22311.jpg]
[mauritius.holidays.io/uploads/sys_acc/2025/01/thumbnail/piotM22311.jpg]
[mauritius.holidays.io/uploads/sys_acc/2025/01/original/K9Zd722111.jpg]
[mauritius.holidays.io/uploads/sys_acc/2025/01/thumbnail/K9Zd722111.jpg]
[mauritius.holidays.io/uploads/sys_acc/2025/01/original/zwyOQ22611.jpg]
[mauritius.holidays.io/uploads/sys_acc/2025/01/thumbnail/zwyOQ22611.jpg]
[mauritius.holidays.io/uploads/sys_acc/2025/01/original/6WHla22711.jpg]
[mauritius.holidays.io/uploads/sys_acc/2025/01/thumbnail/6WHla22711.jpg]
[mauritius.holidays.io/uploads/sys_acc/2025/01/original/KihSk22711.jpg]
[mauritius.holidays.io/uploads/sys_acc/2025/01/thumbnail/KihSk22711.jpg]
[mauritius.holidays.io/uploads/sys_acc/2025/01/original/Reu3Q22211.jpg]
[mauritius.holidays.io/uploads/sys_acc/2025/01/thumbnail/Reu3Q22211.jpg]
[mauritius.holidays.io/uploads/sys_acc/2025/01/original/nmSQ722111.jpg]
[mauritius.holidays.io/uploads/sys_acc/2025/01/thumbnail/nmSQ722111.jpg]
[mauritius.holidays.io/uploads/sys_acc/2025/01/original/GR2fy22611.jpg]
[mauritius.holidays.io/uploads/sys_acc/2025/01/thumbnail/GR2fy22611.jpg]
[mauritius.holidays.io/uploads/sys_acc/2025/01/original/eLVI822311.jpg]
[mauritius.holidays.io/uploads/sys_acc/2025/01/thumbnail/eLVI822311.jpg]
[mauritius.holidays.io/uploads/sys_acc/2025/01/original/Oa9qp22611.jpg]
[mauritius.holidays.io/uploads/sys_acc/2025/01/thumbnail/Oa9qp22611.jpg]
[mauritius.holidays.io/uploads/sys_acc/2025/01/original/z7e8z22111.jpg]
[mauritius.holidays.io/uploads/sys_acc/2025/01/thumbnail/z7e8z22111.jpg]
[mauritius.holidays.io/gold-coast-villas/accm_gallery607e.html]
[mauritius.holidays.io/7-cascades-test/images/favicon.ico]
[mauritius.holidays.io/7-cascades-test/accm_roomrate607e.html]
[mauritius.holidays.io/7-cascades-test607e.html]
[mauritius.holidays.io/7-cascades-test/accm_location607e.html]
[mauritius.holidays.io/7-cascades-test/accm_location.html]
[mauritius.holidays.io/7-cascades-test/accm_gallery.html]
[mauritius.holidays.io/uploads/sys_acc/2025/03/original/5uUQY12607.jpg]
[mauritius.holidays.io/uploads/sys_acc/2025/03/thumbnail/5uUQY12607.jpg]
[mauritius.holidays.io/uploads/sys_acc/2025/03/original/UU6eq12807.jpg]
[mauritius.holidays.io/uploads/sys_acc/2025/03/thumbnail/UU6eq12807.jpg]
[mauritius.holidays.io/uploads/sys_acc/2025/03/original/J9W9g12807.jpg]
[mauritius.holidays.io/uploads/sys_acc/2025/03/thumbnail/J9W9g12807.jpg]
[mauritius.holidays.io/uploads/sys_acc/2025/03/original/TkpfT12307.jpg]
[mauritius.holidays.io/uploads/sys_acc/2025/03/thumbnail/TkpfT12307.jpg]
[mauritius.holidays.io/uploads/sys_acc/2025/03/original/bkZdh12907.jpg]
[mauritius.holidays.io/uploads/sys_acc/2025/03/thumbnail/bkZdh12907.jpg]
[mauritius.holidays.io/uploads/sys_acc/2025/03/original/wpLw512907.jpg]
[mauritius.holidays.io/uploads/sys_acc/2025/03/thumbnail/wpLw512907.jpg]
[mauritius.holidays.io/uploads/sys_acc/2025/03/original/5vxpZ12507.jpg]
[mauritius.holidays.io/uploads/sys_acc/2025/03/thumbnail/5vxpZ12507.jpg]
[mauritius.holidays.io/uploads/sys_acc/2025/03/original/4D5AJ12607.jpg]
[mauritius.holidays.io/uploads/sys_acc/2025/03/thumbnail/4D5AJ12607.jpg]
[mauritius.holidays.io/uploads/sys_acc/2025/03/original/cB0O512507.jpg]
[mauritius.holidays.io/uploads/sys_acc/2025/03/thumbnail/cB0O512507.jpg]
[mauritius.holidays.io/7-cascades-test/accm_gallery607e.html]
[mauritius.holidays.io/anelia-resort-spa/images/favicon.ico]
[mauritius.holidays.io/anelia-resort-spa/web/images/ico/market-mauritius-mahebourg.jpg]
[mauritius.holidays.io/anelia-resort-spa/accm_roomrate607e.html]
[mauritius.holidays.io/anelia-resort-spa607e.html]
[mauritius.holidays.io/anelia-resort-spa/accm_location607e.html]
[mauritius.holidays.io/anelia-resort-spa/accm_location.html]
[mauritius.holidays.io/anelia-resort-spa/accm_gallery.html]
[mauritius.holidays.io/uploads/sys_acc/2024/06/original/4YQVv07711.jpg]
[mauritius.holidays.io/uploads/sys_acc/2024/06/thumbnail/4YQVv07711.jpg]
[mauritius.holidays.io/uploads/sys_acc/2024/06/original/o39u107311.jpg]
[mauritius.holidays.io/uploads/sys_acc/2024/06/thumbnail/o39u107311.jpg]
[mauritius.holidays.io/uploads/sys_acc/2024/06/original/IfUDO07111.jpg]
[mauritius.holidays.io/uploads/sys_acc/2024/06/thumbnail/IfUDO07111.jpg]
[mauritius.holidays.io/uploads/sys_acc/2024/06/original/g0kYY07811.jpg]
[mauritius.holidays.io/uploads/sys_acc/2024/06/thumbnail/g0kYY07811.jpg]
[mauritius.holidays.io/uploads/sys_acc/2024/07/original/F6WGc10609.jpg]
[mauritius.holidays.io/uploads/sys_acc/2024/07/thumbnail/F6WGc10609.jpg]
[mauritius.holidays.io/anelia-resort-spa/accm_gallery607e.html]
[mauritius.holidays.io/laguna-beach-hotel/images/favicon.ico]
[mauritius.holidays.io/laguna-beach-hotel/web/images/ico/market-mauritius-mahebourg.jpg]
[mauritius.holidays.io/laguna-beach-hotel/accm_roomrate607e.html]
[mauritius.holidays.io/laguna-beach-hotel607e.html]
[mauritius.holidays.io/laguna-beach-hotel/_p_These Terms and Conditions apply to any prod/or services purchased from LRT, and govern the/or services._/p__p_The products and/or se/ul__p_We strongly recom]
[mauritius.holidays.io/laguna-beach-hotel/accm_location607e.html]
[mauritius.holidays.io/laguna-beach-hotel/accm_location.html]
[mauritius.holidays.io/laguna-beach-hotel/accm_gallery.html]
[mauritius.holidays.io/uploads/sys_acc/2024/06/original/gUGFM10210.jpg]
[mauritius.holidays.io/uploads/sys_acc/2024/06/thumbnail/gUGFM10210.jpg]
[mauritius.holidays.io/uploads/sys_acc/2024/06/original/md1Qy10910.jpg]
[mauritius.holidays.io/uploads/sys_acc/2024/06/thumbnail/md1Qy10910.jpg]
[mauritius.holidays.io/uploads/sys_acc/2024/06/original/k1OL210910.jpg]
[mauritius.holidays.io/uploads/sys_acc/2024/06/thumbnail/k1OL210910.jpg]
[mauritius.holidays.io/uploads/sys_acc/2024/06/original/EAVSZ10410.jpg]
[mauritius.holidays.io/uploads/sys_acc/2024/06/thumbnail/EAVSZ10410.jpg]
[mauritius.holidays.io/uploads/sys_acc/2024/06/original/l7mYu10610.jpg]
[mauritius.holidays.io/uploads/sys_acc/2024/06/thumbnail/l7mYu10610.jpg]
[mauritius.holidays.io/uploads/sys_acc/2024/06/original/5NNpA10210.jpg]
[mauritius.holidays.io/uploads/sys_acc/2024/06/thumbnail/5NNpA10210.jpg]
[mauritius.holidays.io/uploads/sys_acc/2024/06/original/emZAo10310.jpg]
[mauritius.holidays.io/uploads/sys_acc/2024/06/thumbnail/emZAo10310.jpg]
[mauritius.holidays.io/laguna-beach-hotel/accm_gallery607e.html]
[mauritius.holidays.io/casuarina-resort-and-spa/images/favicon.ico]
[mauritius.holidays.io/casuarina-resort-and-spa/web/images/ico/market-mauritius-mahebourg.jpg]
[mauritius.holidays.io/casuarina-resort-and-spa/accm_roomrate607e.html]
[mauritius.holidays.io/casuarina-resort-and-spa607e.html]
[mauritius.holidays.io/casuarina-resort-and-spa/accm_location607e.html]
[mauritius.holidays.io/casuarina-resort-and-spa/accm_location.html]
[mauritius.holidays.io/casuarina-resort-and-spa/accm_gallery.html]
[mauritius.holidays.io/uploads/sys_acc/2024/07/original/6W3aK10609.jpg]
[mauritius.holidays.io/uploads/sys_acc/2024/07/thumbnail/6W3aK10609.jpg]
[mauritius.holidays.io/uploads/sys_acc/2024/07/original/GMbpg10309.jpg]
[mauritius.holidays.io/uploads/sys_acc/2024/07/thumbnail/GMbpg10309.jpg]
[mauritius.holidays.io/uploads/sys_acc/2024/07/original/TtJPU10409.jpg]
[mauritius.holidays.io/uploads/sys_acc/2024/07/thumbnail/TtJPU10409.jpg]
[mauritius.holidays.io/uploads/sys_acc/2024/07/original/VTypN10209.jpg]
[mauritius.holidays.io/uploads/sys_acc/2024/07/thumbnail/VTypN10209.jpg]
[mauritius.holidays.io/uploads/sys_acc/2024/07/original/Q5ljm10109.jpg]
[mauritius.holidays.io/uploads/sys_acc/2024/07/thumbnail/Q5ljm10109.jpg]
[mauritius.holidays.io/casuarina-resort-and-spa/accm_gallery607e.html]
[mauritius.holidays.io/le-cardinal-exclusive/images/favicon.ico]
[mauritius.holidays.io/le-cardinal-exclusive/web/images/ico/market-mauritius-mahebourg.jpg]
[mauritius.holidays.io/le-cardinal-exclusive/accm_roomrate607e.html]
[mauritius.holidays.io/le-cardinal-exclusive607e.html]
[mauritius.holidays.io/le-cardinal-exclusive/accm_location607e.html]
[mauritius.holidays.io/le-cardinal-exclusive/accm_location.html]
[mauritius.holidays.io/le-cardinal-exclusive/accm_gallery.html]
[mauritius.holidays.io/uploads/sys_acc/2024/07/original/q4wvp10910.jpg]
[mauritius.holidays.io/uploads/sys_acc/2024/07/thumbnail/q4wvp10910.jpg]
[mauritius.holidays.io/uploads/sys_acc/2024/07/original/nAzwn10410.jpg]
[mauritius.holidays.io/uploads/sys_acc/2024/07/thumbnail/nAzwn10410.jpg]
[mauritius.holidays.io/uploads/sys_acc/2024/07/original/U2Y7210310.jpg]
[mauritius.holidays.io/uploads/sys_acc/2024/07/thumbnail/U2Y7210310.jpg]
[mauritius.holidays.io/uploads/sys_acc/2024/07/original/mcw6Y10310.jpg]
[mauritius.holidays.io/uploads/sys_acc/2024/07/thumbnail/mcw6Y10310.jpg]
[mauritius.holidays.io/uploads/sys_acc/2024/07/original/jMCdB10710.jpg]
[mauritius.holidays.io/uploads/sys_acc/2024/07/thumbnail/jMCdB10710.jpg]
[mauritius.holidays.io/le-cardinal-exclusive/accm_gallery607e.html]
[mauritius.holidays.io/customised-guided-private-tours/images/favicon.ico]
[mauritius.holidays.io/customised-guided-private-tours/web/dist/css/lightbox.min.css]
[mauritius.holidays.io/customised-guided-private-tours/tours_booking7b69.html]
[mauritius.holidays.io/customised-guided-private-tours/tour_location7b69.html]
[mauritius.holidays.io/customised-guided-private-tours7b69.html]
[mauritius.holidays.io/uploads/sys_acc/2025/01/original/1lqaa21707.jpg]
[mauritius.holidays.io/uploads/sys_acc/2025/01/thumbnail/1lqaa21707.jpg]
[mauritius.holidays.io/customised-guided-private-tours/tour_gallery7b69.html]
[mauritius.holidays.io/wedding-formalities-mauritius/images/favicon.ico]
[mauritius.holidays.io/wedding-formalities-mauritius/web/dist/css/lightbox.min.css]
[mauritius.holidays.io/wedding-formalities-mauritius/images/speed-boat-trip-south-east-mauritius.jpg]
[mauritius.holidays.io/wedding-formalities-mauritius/tours_booking7b69.html]
[mauritius.holidays.io/wedding-formalities-mauritius/tour_location7b69.html]
[mauritius.holidays.io/wedding-formalities-mauritius7b69.html]
[mauritius.holidays.io/uploads/tour_media/2025/01/original/dxKTv22405.jpg]
[mauritius.holidays.io/uploads/tour_media/2025/01/thumbnail/dxKTv22405.jpg]
[mauritius.holidays.io/uploads/tour_media/2025/01/original/MXMgE22905.jpg]
[mauritius.holidays.io/uploads/tour_media/2025/01/thumbnail/MXMgE22905.jpg]
[mauritius.holidays.io/uploads/tour_media/2025/01/original/hGmON22105.jpg]
[mauritius.holidays.io/uploads/tour_media/2025/01/thumbnail/hGmON22105.jpg]
[mauritius.holidays.io/uploads/tour_media/2025/01/original/YJLry22305.jpg]
[mauritius.holidays.io/uploads/tour_media/2025/01/thumbnail/YJLry22305.jpg]
[mauritius.holidays.io/uploads/sys_acc/2025/01/original/cKjrh22305.jpg]
[mauritius.holidays.io/uploads/sys_acc/2025/01/thumbnail/cKjrh22305.jpg]
[mauritius.holidays.io/wedding-formalities-mauritius/tour_gallery7b69.html]
[mauritius.holidays.io/beach-wedding-mauritius/images/favicon.ico]
[mauritius.holidays.io/beach-wedding-mauritius/web/dist/css/lightbox.min.css]
[mauritius.holidays.io/beach-wedding-mauritius/images/speed-boat-trip-south-east-mauritius.jpg]
[mauritius.holidays.io/beach-wedding-mauritius/tours_booking7b69.html]
[mauritius.holidays.io/beach-wedding-mauritius/tour_location7b69.html]
[mauritius.holidays.io/beach-wedding-mauritius7b69.html]
[mauritius.holidays.io/uploads/tour_media/2025/01/original/lTa8f22106.jpg]
[mauritius.holidays.io/uploads/tour_media/2025/01/thumbnail/lTa8f22106.jpg]
[mauritius.holidays.io/uploads/tour_media/2025/01/original/2jW5m22606.jpg]
[mauritius.holidays.io/uploads/tour_media/2025/01/thumbnail/2jW5m22606.jpg]
[mauritius.holidays.io/uploads/tour_media/2025/01/original/q7JTk22506.jpg]
[mauritius.holidays.io/uploads/tour_media/2025/01/thumbnail/q7JTk22506.jpg]
[mauritius.holidays.io/uploads/sys_acc/2025/01/original/xw6dP22106.jpg]
[mauritius.holidays.io/uploads/sys_acc/2025/01/thumbnail/xw6dP22106.jpg]
[mauritius.holidays.io/beach-wedding-mauritius/tour_gallery7b69.html]
[mauritius.holidays.io/catamaran-wedding-mauritius/images/favicon.ico]
[mauritius.holidays.io/catamaran-wedding-mauritius/web/dist/css/lightbox.min.css]
[mauritius.holidays.io/catamaran-wedding-mauritius/images/speed-boat-trip-south-east-mauritius.jpg]
[mauritius.holidays.io/catamaran-wedding-mauritius/tours_booking7b69.html]
[mauritius.holidays.io/catamaran-wedding-mauritius/tour_location7b69.html]
[mauritius.holidays.io/catamaran-wedding-mauritius7b69.html]
[mauritius.holidays.io/uploads/tour_media/2025/01/original/XLRkg22806.jpg]
[mauritius.holidays.io/uploads/tour_media/2025/01/thumbnail/XLRkg22806.jpg]
[mauritius.holidays.io/uploads/tour_media/2025/01/original/fPlWc22606.jpg]
[mauritius.holidays.io/uploads/tour_media/2025/01/thumbnail/fPlWc22606.jpg]
[mauritius.holidays.io/uploads/tour_media/2025/01/original/t9ZGi22606.jpg]
[mauritius.holidays.io/uploads/tour_media/2025/01/thumbnail/t9ZGi22606.jpg]
[mauritius.holidays.io/uploads/tour_media/2025/01/original/WKEuR22206.jpg]
[mauritius.holidays.io/uploads/tour_media/2025/01/thumbnail/WKEuR22206.jpg]
[mauritius.holidays.io/uploads/tour_media/2025/01/original/CdGnh22106.jpg]
[mauritius.holidays.io/uploads/tour_media/2025/01/thumbnail/CdGnh22106.jpg]
[mauritius.holidays.io/uploads/tour_media/2025/01/original/Eax7C22306.jpg]
[mauritius.holidays.io/uploads/tour_media/2025/01/thumbnail/Eax7C22306.jpg]
[mauritius.holidays.io/uploads/tour_media/2025/01/original/TeYJ622206.jpg]
[mauritius.holidays.io/uploads/tour_media/2025/01/thumbnail/TeYJ622206.jpg]
[mauritius.holidays.io/uploads/tour_media/2025/01/original/2GxmS22106.jpg]
[mauritius.holidays.io/uploads/tour_media/2025/01/thumbnail/2GxmS22106.jpg]
[mauritius.holidays.io/uploads/tour_media/2025/01/original/pRerO22206.jpg]
[mauritius.holidays.io/uploads/tour_media/2025/01/thumbnail/pRerO22206.jpg]
[mauritius.holidays.io/uploads/tour_media/2025/01/original/nmO6p22406.jpg]
[mauritius.holidays.io/uploads/tour_media/2025/01/thumbnail/nmO6p22406.jpg]
[mauritius.holidays.io/uploads/tour_media/2025/01/original/1kwtt22806.jpg]
[mauritius.holidays.io/uploads/tour_media/2025/01/thumbnail/1kwtt22806.jpg]
[mauritius.holidays.io/uploads/sys_acc/2025/01/original/yK2Zf22306.jpg]
[mauritius.holidays.io/uploads/sys_acc/2025/01/thumbnail/yK2Zf22306.jpg]
[mauritius.holidays.io/catamaran-wedding-mauritius/tour_gallery7b69.html]
[mauritius.holidays.io/cdn-cgi/l/email-protection.html]
[mauritius.holidays.io/web/images/unknow_general/quad_biking_at_casela_bird_park.html]
[mauritius.holidays.io/web/images/unknow_general/mauritius_sea_west_activities_03.html]
[mauritius.holidays.io/web/images/unknow_general/01-08-2011_16-14-29.html]
[mauritius.holidays.io/web/images/unknow_general/_1010007.html]
[mauritius.holidays.io/web/images/unknow_general/ote-canyon-mareauxjoncs-01.html]
[mauritius.holidays.io/web/images/unknow_general/domaine_mont_choisy_mauritius_child_riding_horse.html]
[mauritius.holidays.io/web/images/unknow_general/bollywood_theme_wedding_mauritius.html]
[mauritius.holidays.io/web/images/unknow_general/civil_wedding_mauritius.html]
[mauritius.holidays.io/web/images/unknow_general/beach_wedding_mauritius.html]
[mauritius.holidays.io/web/images/unknow_general/religous_wedding_mauritius.html]
[mauritius.holidays.io/web/images/unknow_general/fireworks_for_events_and_weddings_mauritius.html]
[mauritius.holidays.io/web/images/unknow_general/entertainment_for_events_and_weddings_mauritius.html]
[mauritius.holidays.io/web/images/unknow_general/reperes_03_1769.html]
[mauritius.holidays.io/web/images/unknow_general/dodo-skeleton_natural_history_museum_london_england.html]
[mauritius.holidays.io/web/images/unknow_general/ameenah.html]
[mauritius.holidays.io/web/images/unknow_general/brgorges.html]
[mauritius.holidays.io/web/images/unknow_general/1.1267792467.lily-pads-pamplemousses-botanical-gardens.html]
[mauritius.holidays.io/web/images/unknow_general/ilot_gabriel.html]
[mauritius.holidays.io/web/images/unknow_general/bois_de_ronde_erythroxylum_laurifolium.html]
[mauritius.holidays.io/web/images/unknow_general/market_of_port_louis_mauritius.html]
[mauritius.holidays.io/web/images/unknow_general/bernard_beach_villa.html]
[mauritius.holidays.io/web/images/unknow_general/p1010685.html]
[mauritius.holidays.io/web/images/unknow_general/800px-bluepenny_museum_port_louis.html]
[mauritius.holidays.io/web/images/unknow_general/sb-spa-021.html]
[mauritius.holidays.io/web/images/unknow_general/shirodhara.html]
[mauritius.holidays.io/web/images/unknow_general/coressences.html]
[mauritius.holidays.io/web/images/unknow_general/index.html]
[mauritius.holidays.io/web/images/unknow_general/1_sea_and_beach.html]
[mauritius.holidays.io/web/images/unknow_general/2_main_services.html]
[mauritius.holidays.io/web/images/unknow_general/3_other_services.html]
[mauritius.holidays.io/web/images/unknow_general/4_activities.html]
[mauritius.holidays.io/web/images/unknow_general/5_restaurant.html]
[mauritius.holidays.io/web/images/unknow_general/6_fast_food.html]
[mauritius.holidays.io/web/images/unknow_general/7_shopping.html]
[mauritius.holidays.io/web/images/unknow_general/8_nightclub.html]
[mauritius.holidays.io/web/images/unknow_general/colonel_edward_draper.html]
[mauritius.holidays.io/web/images/unknow_general/horse_racing_in_mauritius.html]
[mauritius.holidays.io/web/images/unknow_general/champ_de_mars_the_watch.html]
[mauritius.holidays.io/web/images/unknow_general/15297.html]
[mauritius.holidays.io/images/04d.html]
[mauritius.holidays.io/event/All_Saints_Day.html]
[mauritius.holidays.io/event/Arrival_Of_the_Indentured_Labourers.html]
[mauritius.holidays.io/event/Christmas.html]
[mauritius.holidays.io/event/New_Year.html]
[mauritius.holidays.io/event/abolition-of-slavery.html]
[mauritius.holidays.io/event/Independence_Day.html]
[mauritius.holidays.io/event/Labour-Day.html]
[mauritius.holidays.io/event/Father_Laval_Feast_Day.html]
[mauritius.holidays.io/images/uploads/anelia_resort_mauritius_swimming_pool_and_restaurant.html]
[mauritius.holidays.io/transports987c.html]
[mauritius.holidays.io/Inter-Hotel Transfer (One way) Mini Bus.html]
[mauritius.holidays.io/Minibus Arrival and Departure - North Coast.html]
[mauritius.holidays.io/Minibus Arrival and Departure - South Coast.html]
[mauritius.holidays.io/Minibus Arrival and Departure - East Coast.html]
[mauritius.holidays.io/Minibus Arrival and Departure - West Coast.html]
[mauritius.holidays.io/Minibus Arrival Airport Transfers North Coast.html]
[mauritius.holidays.io/Inter-Hotel Transfer (One way) Coaster.html]
[mauritius.holidays.io/Coaster Arrival and Departure - North Coast.html]
[mauritius.holidays.io/Coaster Arrival and Departure - South Coast.html]
[mauritius.holidays.io/Coaster Arrival and Departure - East Coast.html]
[mauritius.holidays.io/Coaster Arrival and Departure - West Coast.html]
[mauritius.holidays.io/Customised Guided Private Tours.html]
[mauritius.holidays.io/transports1050.html]
[mauritius.holidays.io/uploads/tour_media/2025/04/large/Skwsl15412.jpg]
[mauritius.holidays.io/advanced-open-water-diver-course/tours_booking7b69.html]
[mauritius.holidays.io/advanced-open-water-diver-course/tour_location7b69.html]
[mauritius.holidays.io/advanced-open-water-diver-course.html]
[mauritius.holidays.io/advanced-open-water-diver-course/tour_gallery7b69.html]
[mauritius.holidays.io/uploads/tour_media/2025/04/large/iZOkY15612.jpg]
[mauritius.holidays.io/hiking-black-river-gorges/tours_booking7b69.html]
[mauritius.holidays.io/hiking-black-river-gorges/tour_location7b69.html]
[mauritius.holidays.io/hiking-black-river-gorges.html]
[mauritius.holidays.io/hiking-black-river-gorges/tour_gallery7b69.html]
[mauritius.holidays.io/uploads/tour_media/2025/02/large/nmUIE28901.jpg]
[mauritius.holidays.io/uploads/tour_media/2025/04/large/HRsAM14905.jpg]
[mauritius.holidays.io/la-route-du-the/tours_booking7b69.html]
[mauritius.holidays.io/la-route-du-the/tour_location7b69.html]
[mauritius.holidays.io/la-route-du-the.html]
[mauritius.holidays.io/la-route-du-the/tour_gallery7b69.html]
[mauritius.holidays.io/uploads/tour_media/2025/04/large/8fzbV15911.jpg]
[mauritius.holidays.io/sea-kayaking-ile-dambre/tours_booking7b69.html]
[mauritius.holidays.io/sea-kayaking-ile-dambre/tour_location7b69.html]
[mauritius.holidays.io/sea-kayaking-ile-dambre.html]
[mauritius.holidays.io/sea-kayaking-ile-dambre/tour_gallery7b69.html]
[mauritius.holidays.io/uploads/tour_media/2025/04/large/JoQO815511.jpg]
[mauritius.holidays.io/uploads/tour_media/2025/04/large/bhx9415111.jpg]
[mauritius.holidays.io/skydive/tours_booking7b69.html]
[mauritius.holidays.io/skydive/tour_location7b69.html]
[mauritius.holidays.io/skydive.html]
[mauritius.holidays.io/skydive/tour_gallery7b69.html]
[mauritius.holidays.io/uploads/tour_media/2025/04/large/T7SuK14305.jpg]
[mauritius.holidays.io/swim-with-dolphins/tours_booking7b69.html]
[mauritius.holidays.io/swim-with-dolphins/tour_location7b69.html]
[mauritius.holidays.io/swim-with-dolphins.html]
[mauritius.holidays.io/swim-with-dolphins/tour_gallery7b69.html]
[mauritius.holidays.io/uploads/tour_media/2025/04/large/IGCRt14806.jpg]
[mauritius.holidays.io/visit-ile-aux-aigrettes/tours_booking7b69.html]
[mauritius.holidays.io/visit-ile-aux-aigrettes/tour_location7b69.html]
[mauritius.holidays.io/visit-ile-aux-aigrettes.html]
[mauritius.holidays.io/visit-ile-aux-aigrettes/tour_gallery7b69.html]
[mauritius.holidays.io/uploads/tour_media/2024/08/large/vFXj227908.jpg]
[mauritius.holidays.io/zipline-south/tours_booking7b69.html]
[mauritius.holidays.io/zipline-south/tour_location7b69.html]
[mauritius.holidays.io/zipline-south.html]
[mauritius.holidays.io/zipline-south/tour_gallery7b69.html]
[mauritius.holidays.io/5-nights-deal/package_iternary03d0.html]
[mauritius.holidays.io/5-nights-deal.html]
[mauritius.holidays.io/5-nights-deal/package_gallery03d0.html]
[mauritius.holidays.io/admin/password_reset.html]
[mauritius.holidays.io/admin/bootstrap/fonts/glyphicons-halflings-regular.eot]
[mauritius.holidays.io/admin/bootstrap/fonts/glyphicons-halflings-regulard41d.eot]
[mauritius.holidays.io/admin/bootstrap/fonts/glyphicons-halflings-regular.woff2]
[mauritius.holidays.io/admin/bootstrap/fonts/glyphicons-halflings-regular.woff]
[mauritius.holidays.io/admin/bootstrap/fonts/glyphicons-halflings-regular.ttf]
[mauritius.holidays.io/admin/bootstrap/css/bootstrap.min.css]
[mauritius.holidays.io/admin/bootstrap/css/styles.css]
[mauritius.holidays.io/admin/css/dropzone.css]
[mauritius.holidays.io/admin/css/custom.ilyas.css]
[mauritius.holidays.io/admin/css/jquery.fancybox.min.css]
[cdnjs.cloudflare.com/ajax/libs/font-awesome/4.5.0/css/font-awesome.min.css]
[mauritius.holidays.io/admin/plugins/select2/select2.min.css]
[mauritius.holidays.io/admin/bootstrap/fonts/glyphicons-halflings-regular.svg]
[mauritius.holidays.io/admin/plugins/colorpicker/img/saturation.png]
[mauritius.holidays.io/admin/plugins/colorpicker/img/hue.png]
[mauritius.holidays.io/admin/plugins/colorpicker/img/alpha.png]
[mauritius.holidays.io/admin/plugins/colorpicker/img/hue-horizontal.png]
[mauritius.holidays.io/admin/plugins/colorpicker/img/alpha-horizontal.png]
[mauritius.holidays.io/admin/plugins/colorpicker/bootstrap-colorpicker.min.css]
[mauritius.holidays.io/admin/plugins/timepicker/bootstrap-timepicker.min.css]
[mauritius.holidays.io/admin/fonts/ionicons28b5.eot]
[mauritius.holidays.io/admin/fonts/ionicons28b5.ttf]
[mauritius.holidays.io/admin/fonts/ionicons28b5.woff]
[mauritius.holidays.io/admin/fonts/ionicons28b5.svg]
[mauritius.holidays.io/admin/css/ionicons.min.css]
[mauritius.holidays.io/admin/css/image-picker.css]
[mauritius.holidays.io/admin/plugins/daterangepicker/daterangepicker-bs3.css]
[mauritius.holidays.io/admin/plugins/jvectormap/jquery-jvectormap-1.2.2.css]
[mauritius.holidays.io/admin/dist/img/boxed-bg.jpg]
[mauritius.holidays.io/admin/dist/css/AdminLTE.min.css]
[mauritius.holidays.io/admin/dist/css/skins/_all-skins.min.css]
[mauritius.holidays.io/admin/plugins/iCheck/minimal/_all.css]
[mauritius.holidays.io/admin/plugins/iCheck/square/_all.css]
[mauritius.holidays.io/admin/plugins/iCheck/flat/_all.css]
[mauritius.holidays.io/admin/plugins/iCheck/line/_all.css]
[mauritius.holidays.io/admin/plugins/iCheck/polaris/polaris.css]
[mauritius.holidays.io/admin/plugins/iCheck/all.css]
[cdnjs.cloudflare.com/ajax/libs/ionicons/2.0.1/css/ionicons.min.css]
[mauritius.holidays.io/admin/media/addimages.html]
[mauritius.holidays.io/admin/tours/image_delete.html]
[mauritius.holidays.io/transport.html]
[mauritius.holidays.io/admin/plugins/iCheck/futurico/futurico.css]
[mauritius.holidays.io/web/images/norecoed.png]
[mauritius.holidays.io/transportsd82d.html]
[mauritius.holidays.io/transportsed05.html]
[mauritius.holidays.io/transports56d9.html]
[mauritius.holidays.io/Arrival Airport Transfers South Coast.html]
[mauritius.holidays.io/Arrival Airport Transfers North Coast.html]
[mauritius.holidays.io/Inter-Hotel Transfer (One way).html]
[mauritius.holidays.io/Test Transport.html]
[mauritius.holidays.io/transports3050.html]
[mauritius.holidays.io/transports4442.html]
[mauritius.holidays.io/transports2679.html]
[mauritius.holidays.io/quad-bike-east/images/favicon.html]
[mauritius.holidays.io/web/css/acc_detail_rate.css]
[mauritius.holidays.io/quad-bike-east/web/dist/css/lightbox.min.html]
[mauritius.holidays.io/quad-bike-east7b69.html]
[mauritius.holidays.io/submarine-north/images/favicon.html]
[mauritius.holidays.io/submarine-north/web/dist/css/lightbox.min.html]
[mauritius.holidays.io/submarine-north7b69.html]
[mauritius.holidays.io/sailing-west-coast/images/favicon.html]
[mauritius.holidays.io/sailing-west-coast/web/dist/css/lightbox.min.html]
[mauritius.holidays.io/sailing-west-coast7b69.html]
[mauritius.holidays.io/canyoning/images/favicon.html]
[mauritius.holidays.io/canyoning/web/dist/css/lightbox.min.html]
[mauritius.holidays.io/canyoning7b69.html]
[mauritius.holidays.io/sailing-south-catamaran/images/favicon.html]
[mauritius.holidays.io/sailing-south-catamaran/web/dist/css/lightbox.min.html]
[mauritius.holidays.io/sailing-south-catamaran/images/speed-boat-trip-south-east-mauritius.html]
[mauritius.holidays.io/sailing-south-catamaran7b69.html]
[mauritius.holidays.io/grand-bay-suites/images/favicon.html]
[mauritius.holidays.io/grand-bay-suites/web/images/ico/market-mauritius-mahebourg.html]
[mauritius.holidays.io/grand-bay-suites607e.html]
[mauritius.holidays.io/transportsaca9.html]
[mauritius.holidays.io/grand-bay-suites/accm_location.html]
[mauritius.holidays.io/grand-bay-suites/accm_gallery.html]
[mauritius.holidays.io/la-case-du-pecheur/images/favicon.html]
[mauritius.holidays.io/la-case-du-pecheur/web/images/ico/market-mauritius-mahebourg.html]
[mauritius.holidays.io/la-case-du-pecheur607e.html]
[mauritius.holidays.io/la-case-du-pecheur/accm_location.html]
[mauritius.holidays.io/la-case-du-pecheur/accm_gallery.html]
[mauritius.holidays.io/sandy-cove-villa/images/favicon.html]
[mauritius.holidays.io/sandy-cove-villa/web/images/ico/market-mauritius-mahebourg.html]
[mauritius.holidays.io/sandy-cove-villa607e.html]
[mauritius.holidays.io/sandy-cove-villa/accm_location.html]
[mauritius.holidays.io/sandy-cove-villa/accm_gallery.html]
[mauritius.holidays.io/gold-coast-villas/images/favicon.html]
[mauritius.holidays.io/gold-coast-villas/web/images/ico/market-mauritius-mahebourg.html]
[mauritius.holidays.io/gold-coast-villas607e.html]
[mauritius.holidays.io/gold-coast-villas/accm_location.html]
[mauritius.holidays.io/gold-coast-villas/accm_gallery.html]
[mauritius.holidays.io/7-cascades-test/images/favicon.html]
[mauritius.holidays.io/7-cascades-test607e.html]
[mauritius.holidays.io/7-cascades-test/accm_location.html]
[mauritius.holidays.io/7-cascades-test/accm_gallery.html]
[mauritius.holidays.io/anelia-resort-spa/images/favicon.html]
[mauritius.holidays.io/anelia-resort-spa/web/images/ico/market-mauritius-mahebourg.html]
[mauritius.holidays.io/anelia-resort-spa607e.html]
[mauritius.holidays.io/anelia-resort-spa/accm_location.html]
[mauritius.holidays.io/anelia-resort-spa/accm_gallery.html]
[mauritius.holidays.io/laguna-beach-hotel/images/favicon.html]
[mauritius.holidays.io/laguna-beach-hotel/web/images/ico/market-mauritius-mahebourg.html]
[mauritius.holidays.io/laguna-beach-hotel/_p_These Terms and Conditions apply to any prod/or services purchased from LRT, and govern the/or services._/p__p_The products and/or se/ul__p_We strongly recom]
[mauritius.holidays.io/laguna-beach-hotel607e.html]
[mauritius.holidays.io/laguna-beach-hotel/accm_location.html]
[mauritius.holidays.io/laguna-beach-hotel/accm_gallery.html]
[mauritius.holidays.io/casuarina-resort-and-spa/images/favicon.html]
[mauritius.holidays.io/casuarina-resort-and-spa/web/images/ico/market-mauritius-mahebourg.html]
[mauritius.holidays.io/casuarina-resort-and-spa607e.html]
[mauritius.holidays.io/casuarina-resort-and-spa/accm_location.html]
[mauritius.holidays.io/casuarina-resort-and-spa/accm_gallery.html]
[mauritius.holidays.io/le-cardinal-exclusive/images/favicon.html]
[mauritius.holidays.io/le-cardinal-exclusive/web/images/ico/market-mauritius-mahebourg.html]
[mauritius.holidays.io/le-cardinal-exclusive607e.html]
[mauritius.holidays.io/le-cardinal-exclusive/accm_location.html]
[mauritius.holidays.io/le-cardinal-exclusive/accm_gallery.html]
[mauritius.holidays.io/customised-guided-private-tours/images/favicon.html]
[mauritius.holidays.io/customised-guided-private-tours/web/dist/css/lightbox.min.html]
[mauritius.holidays.io/customised-guided-private-tours7b69.html]
[mauritius.holidays.io/wedding-formalities-mauritius/images/favicon.html]
[mauritius.holidays.io/wedding-formalities-mauritius/web/dist/css/lightbox.min.html]
[mauritius.holidays.io/wedding-formalities-mauritius/images/speed-boat-trip-south-east-mauritius.html]
[mauritius.holidays.io/wedding-formalities-mauritius7b69.html]
[mauritius.holidays.io/beach-wedding-mauritius/images/favicon.html]
[mauritius.holidays.io/beach-wedding-mauritius/web/dist/css/lightbox.min.html]
[mauritius.holidays.io/beach-wedding-mauritius/images/speed-boat-trip-south-east-mauritius.html]
[mauritius.holidays.io/beach-wedding-mauritius7b69.html]
[mauritius.holidays.io/catamaran-wedding-mauritius/images/favicon.html]
[mauritius.holidays.io/catamaran-wedding-mauritius/web/dist/css/lightbox.min.html]
[mauritius.holidays.io/catamaran-wedding-mauritius/images/speed-boat-trip-south-east-mauritius.html]
[mauritius.holidays.io/catamaran-wedding-mauritius7b69.html]
[mauritius.holidays.io/accommodation_searcheba8.html]
[mauritius.holidays.io/accommodation_search2658.html]
[mauritius.holidays.io/accommodation_searchd369.html]
[mauritius.holidays.io/accommodation_search6b49.html]
[mauritius.holidays.io/accommodation_search6628.html]
[mauritius.holidays.io/accommodation_search546b.html]
[mauritius.holidays.io/tours_searcheba8.html]
[mauritius.holidays.io/tours_search2658.html]
[mauritius.holidays.io/tours_searchd369.html]
[mauritius.holidays.io/tours_search6b49.html]
[mauritius.holidays.io/tours_search6628.html]
[mauritius.holidays.io/tours_search546b.html]
[mauritius.holidays.io/transports1050.html]
[mauritius.holidays.io/advanced-open-water-diver-course/images/favicon.33c.delayed]
[mauritius.holidays.io/advanced-open-water-diver-course/web/dist/css/lightbox.min.css]
[mauritius.holidays.io/advanced-open-water-diver-course/tours_booking7b69.html]
[mauritius.holidays.io/advanced-open-water-diver-course/tour_location7b69.html]
[mauritius.holidays.io/advanced-open-water-diver-course7b69.html]
[mauritius.holidays.io/uploads/tour_media/2025/04/original/j9NgT15312.jpg]
[mauritius.holidays.io/uploads/tour_media/2025/04/thumbnail/j9NgT15312.jpg]
[mauritius.holidays.io/advanced-open-water-diver-course/tour_gallery7b69.html]
[mauritius.holidays.io/hiking-black-river-gorges/images/favicon.ico]
[mauritius.holidays.io/hiking-black-river-gorges/web/dist/css/lightbox.min.css]
[mauritius.holidays.io/hiking-black-river-gorges/tours_booking7b69.html]
[mauritius.holidays.io/hiking-black-river-gorges/tour_location7b69.html]
[mauritius.holidays.io/hiking-black-river-gorges7b69.html]
[mauritius.holidays.io/uploads/tour_media/2024/08/original/2R91w27612.jpg]
[mauritius.holidays.io/uploads/tour_media/2024/08/thumbnail/2R91w27612.jpg]
[mauritius.holidays.io/uploads/tour_media/2025/01/original/r4VhW21106.jpg]
[mauritius.holidays.io/uploads/tour_media/2025/01/thumbnail/r4VhW21106.jpg]
[mauritius.holidays.io/hiking-black-river-gorges/tour_gallery7b69.html]
[mauritius.holidays.io/la-route-du-the/images/favicon.ico]
[mauritius.holidays.io/la-route-du-the/web/dist/css/lightbox.min.css]
[mauritius.holidays.io/la-route-du-the/tours_booking7b69.html]
[mauritius.holidays.io/la-route-du-the/tour_location7b69.html]
[mauritius.holidays.io/la-route-du-the7b69.html]
[mauritius.holidays.io/uploads/tour_media/2025/02/original/bK5rh24301.jpg]
[mauritius.holidays.io/uploads/tour_media/2025/02/thumbnail/bK5rh24301.jpg]
[mauritius.holidays.io/uploads/tour_media/2025/02/original/6HIb424101.jpg]
[mauritius.holidays.io/uploads/tour_media/2025/02/thumbnail/6HIb424101.jpg]
[mauritius.holidays.io/uploads/tour_media/2025/02/original/Ob95924901.jpg]
[mauritius.holidays.io/uploads/tour_media/2025/02/thumbnail/Ob95924901.jpg]
[mauritius.holidays.io/uploads/tour_media/2025/02/original/Su2eJ24701.jpg]
[mauritius.holidays.io/uploads/tour_media/2025/02/thumbnail/Su2eJ24701.jpg]
[mauritius.holidays.io/uploads/tour_media/2025/02/original/0wsra24501.jpg]
[mauritius.holidays.io/uploads/tour_media/2025/02/thumbnail/0wsra24501.jpg]
[mauritius.holidays.io/uploads/tour_media/2025/02/original/EfYQT24601.jpg]
[mauritius.holidays.io/uploads/tour_media/2025/02/thumbnail/EfYQT24601.jpg]
[mauritius.holidays.io/uploads/tour_media/2025/02/original/hfSCk24301.jpg]
[mauritius.holidays.io/uploads/tour_media/2025/02/thumbnail/hfSCk24301.jpg]
[mauritius.holidays.io/uploads/tour_media/2025/02/original/NRPc424101.jpg]
[mauritius.holidays.io/uploads/tour_media/2025/02/thumbnail/NRPc424101.jpg]
[mauritius.holidays.io/uploads/tour_media/2025/02/original/0s4pS24701.jpg]
[mauritius.holidays.io/uploads/tour_media/2025/02/thumbnail/0s4pS24701.jpg]
[mauritius.holidays.io/uploads/tour_media/2025/02/original/thdby24601.jpg]
[mauritius.holidays.io/uploads/tour_media/2025/02/thumbnail/thdby24601.jpg]
[mauritius.holidays.io/uploads/tour_media/2025/02/original/uFvh924701.jpg]
[mauritius.holidays.io/uploads/tour_media/2025/02/thumbnail/uFvh924701.jpg]
[mauritius.holidays.io/la-route-du-the/tour_gallery7b69.html]
[mauritius.holidays.io/sea-kayaking-ile-dambre/images/favicon.ico]
[mauritius.holidays.io/sea-kayaking-ile-dambre/web/dist/css/lightbox.min.css]
[mauritius.holidays.io/sea-kayaking-ile-dambre/tours_booking7b69.html]
[mauritius.holidays.io/sea-kayaking-ile-dambre/tour_location7b69.html]
[mauritius.holidays.io/sea-kayaking-ile-dambre7b69.html]
[mauritius.holidays.io/uploads/tour_media/2024/07/original/dssM522510.jpg]
[mauritius.holidays.io/uploads/tour_media/2024/07/thumbnail/dssM522510.jpg]
[mauritius.holidays.io/uploads/tour_media/2024/07/original/lJ6yx22110.jpg]
[mauritius.holidays.io/uploads/tour_media/2024/07/thumbnail/lJ6yx22110.jpg]
[mauritius.holidays.io/uploads/tour_media/2025/01/original/PcSMM21406.webp]
[mauritius.holidays.io/uploads/tour_media/2025/01/thumbnail/PcSMM21406.webp]
[mauritius.holidays.io/uploads/tour_media/2025/01/original/7GIgf21706.webp]
[mauritius.holidays.io/uploads/tour_media/2025/01/thumbnail/7GIgf21706.webp]
[mauritius.holidays.io/sea-kayaking-ile-dambre/tour_gallery7b69.html]
[mauritius.holidays.io/skydive/images/favicon.ico]
[mauritius.holidays.io/skydive/web/dist/css/lightbox.min.css]
[mauritius.holidays.io/skydive/tours_booking7b69.html]
[mauritius.holidays.io/skydive/tour_location7b69.html]
[mauritius.holidays.io/skydive7b69.html]
[mauritius.holidays.io/uploads/tour_media/2024/08/original/pkyo327212.jpg]
[mauritius.holidays.io/uploads/tour_media/2024/08/thumbnail/pkyo327212.jpg]
[mauritius.holidays.io/uploads/tour_media/2024/08/original/tb38427212.jpg]
[mauritius.holidays.io/uploads/tour_media/2024/08/thumbnail/tb38427212.jpg]
[mauritius.holidays.io/uploads/tour_media/2024/08/original/gtOnI27912.jpg]
[mauritius.holidays.io/uploads/tour_media/2024/08/thumbnail/gtOnI27912.jpg]
[mauritius.holidays.io/uploads/tour_media/2024/08/original/5ccT827712.jpg]
[mauritius.holidays.io/uploads/tour_media/2024/08/thumbnail/5ccT827712.jpg]
[mauritius.holidays.io/uploads/tour_media/2024/08/original/LPTXp27112.jpg]
[mauritius.holidays.io/uploads/tour_media/2024/08/thumbnail/LPTXp27112.jpg]
[mauritius.holidays.io/uploads/tour_media/2024/08/original/EUtMa27912.jpg]
[mauritius.holidays.io/uploads/tour_media/2024/08/thumbnail/EUtMa27912.jpg]
[mauritius.holidays.io/uploads/tour_media/2024/08/original/VPxsE27212.jpg]
[mauritius.holidays.io/uploads/tour_media/2024/08/thumbnail/VPxsE27212.jpg]
[mauritius.holidays.io/uploads/tour_media/2024/08/original/rEVQE27812.jpg]
[mauritius.holidays.io/uploads/tour_media/2024/08/thumbnail/rEVQE27812.jpg]
[mauritius.holidays.io/uploads/tour_media/2024/08/original/9fmMO27512.jpg]
[mauritius.holidays.io/uploads/tour_media/2024/08/thumbnail/9fmMO27512.jpg]
[mauritius.holidays.io/skydive/tour_gallery7b69.html]
[mauritius.holidays.io/swim-with-dolphins/images/favicon.ico]
[mauritius.holidays.io/swim-with-dolphins/web/dist/css/lightbox.min.css]
[mauritius.holidays.io/swim-with-dolphins/tours_booking7b69.html]
[mauritius.holidays.io/swim-with-dolphins/tour_location7b69.html]
[mauritius.holidays.io/swim-with-dolphins7b69.html]
[mauritius.holidays.io/uploads/tour_media/2025/02/original/cOlea28712.jpg]
[mauritius.holidays.io/uploads/tour_media/2025/02/thumbnail/cOlea28712.jpg]
[mauritius.holidays.io/uploads/tour_media/2025/02/original/nolaE28712.jpg]
[mauritius.holidays.io/uploads/tour_media/2025/02/thumbnail/nolaE28712.jpg]
[mauritius.holidays.io/uploads/tour_media/2025/02/original/YD1Lg28812.jpg]
[mauritius.holidays.io/uploads/tour_media/2025/02/thumbnail/YD1Lg28812.jpg]
[mauritius.holidays.io/uploads/tour_media/2025/02/original/jlVKS28212.jpg]
[mauritius.holidays.io/uploads/tour_media/2025/02/thumbnail/jlVKS28212.jpg]
[mauritius.holidays.io/uploads/tour_media/2025/02/original/fW7dg28912.jpg]
[mauritius.holidays.io/uploads/tour_media/2025/02/thumbnail/fW7dg28912.jpg]
[mauritius.holidays.io/uploads/tour_media/2025/02/original/V2UPo28412.jpg]
[mauritius.holidays.io/uploads/tour_media/2025/02/thumbnail/V2UPo28412.jpg]
[mauritius.holidays.io/uploads/tour_media/2025/02/original/K9qN228512.jpg]
[mauritius.holidays.io/uploads/tour_media/2025/02/thumbnail/K9qN228512.jpg]
[mauritius.holidays.io/uploads/tour_media/2025/02/original/tuR2z28612.jpg]
[mauritius.holidays.io/uploads/tour_media/2025/02/thumbnail/tuR2z28612.jpg]
[mauritius.holidays.io/swim-with-dolphins/tour_gallery7b69.html]
[mauritius.holidays.io/visit-ile-aux-aigrettes/images/favicon.ico]
[mauritius.holidays.io/visit-ile-aux-aigrettes/web/dist/css/lightbox.min.css]
[mauritius.holidays.io/visit-ile-aux-aigrettes/tours_booking7b69.html]
[mauritius.holidays.io/visit-ile-aux-aigrettes/tour_location7b69.html]
[mauritius.holidays.io/visit-ile-aux-aigrettes7b69.html]
[mauritius.holidays.io/uploads/tour_media/2025/02/original/aDVbC24509.jpg]
[mauritius.holidays.io/uploads/tour_media/2025/02/thumbnail/aDVbC24509.jpg]
[mauritius.holidays.io/uploads/tour_media/2025/02/original/7Na6l24512.jpg]
[mauritius.holidays.io/uploads/tour_media/2025/02/thumbnail/7Na6l24512.jpg]
[mauritius.holidays.io/uploads/tour_media/2025/02/original/crtaJ24512.jpg]
[mauritius.holidays.io/uploads/tour_media/2025/02/thumbnail/crtaJ24512.jpg]
[mauritius.holidays.io/uploads/tour_media/2025/02/original/jBXME24112.jpg]
[mauritius.holidays.io/uploads/tour_media/2025/02/thumbnail/jBXME24112.jpg]
[mauritius.holidays.io/uploads/tour_media/2025/02/original/8IWb224212.jpg]
[mauritius.holidays.io/uploads/tour_media/2025/02/thumbnail/8IWb224212.jpg]
[mauritius.holidays.io/uploads/tour_media/2025/02/original/T4i1X24212.jpg]
[mauritius.holidays.io/uploads/tour_media/2025/02/thumbnail/T4i1X24212.jpg]
[mauritius.holidays.io/uploads/tour_media/2025/02/original/ApvXC24912.jpg]
[mauritius.holidays.io/uploads/tour_media/2025/02/thumbnail/ApvXC24912.jpg]
[mauritius.holidays.io/uploads/tour_media/2025/02/original/eohuY24412.jpg]
[mauritius.holidays.io/uploads/tour_media/2025/02/thumbnail/eohuY24412.jpg]
[mauritius.holidays.io/uploads/tour_media/2025/02/original/9h0k424512.jpg]
[mauritius.holidays.io/uploads/tour_media/2025/02/thumbnail/9h0k424512.jpg]
[mauritius.holidays.io/uploads/tour_media/2025/02/original/uex6r24912.jpg]
[mauritius.holidays.io/uploads/tour_media/2025/02/thumbnail/uex6r24912.jpg]
[mauritius.holidays.io/uploads/tour_media/2025/02/original/wQzjY24312.jpg]
[mauritius.holidays.io/uploads/tour_media/2025/02/thumbnail/wQzjY24312.jpg]
[mauritius.holidays.io/visit-ile-aux-aigrettes/tour_gallery7b69.html]
[mauritius.holidays.io/zipline-south/images/favicon.ico]
[mauritius.holidays.io/zipline-south/web/dist/css/lightbox.min.css]
[mauritius.holidays.io/zipline-south/tours_booking7b69.html]
[mauritius.holidays.io/zipline-south/tour_location7b69.html]
[mauritius.holidays.io/zipline-south7b69.html]
[mauritius.holidays.io/uploads/tour_media/2024/08/original/M2gVR27708.jpg]
[mauritius.holidays.io/uploads/tour_media/2024/08/thumbnail/M2gVR27708.jpg]
[mauritius.holidays.io/uploads/tour_media/2024/08/original/IiRl827108.jpg]
[mauritius.holidays.io/uploads/tour_media/2024/08/thumbnail/IiRl827108.jpg]
[mauritius.holidays.io/uploads/tour_media/2024/08/original/5j5Pn27208.jpg]
[mauritius.holidays.io/uploads/tour_media/2024/08/thumbnail/5j5Pn27208.jpg]
[mauritius.holidays.io/uploads/tour_media/2024/08/original/mb9Tl27308.jpg]
[mauritius.holidays.io/uploads/tour_media/2024/08/thumbnail/mb9Tl27308.jpg]
[mauritius.holidays.io/uploads/tour_media/2024/08/original/meT4027508.jpg]
[mauritius.holidays.io/uploads/tour_media/2024/08/thumbnail/meT4027508.jpg]
[mauritius.holidays.io/uploads/tour_media/2024/08/original/d5v9Z27208.jpg]
[mauritius.holidays.io/uploads/tour_media/2024/08/thumbnail/d5v9Z27208.jpg]
[mauritius.holidays.io/uploads/tour_media/2024/08/original/AoKgt27908.jpg]
[mauritius.holidays.io/uploads/tour_media/2024/08/thumbnail/AoKgt27908.jpg]
[mauritius.holidays.io/uploads/tour_media/2024/08/original/qw0QN27808.webp]
[mauritius.holidays.io/uploads/tour_media/2024/08/thumbnail/qw0QN27808.webp]
[mauritius.holidays.io/uploads/tour_media/2024/08/original/dhO0j27208.webp]
[mauritius.holidays.io/uploads/tour_media/2024/08/thumbnail/dhO0j27208.webp]
[mauritius.holidays.io/zipline-south/tour_gallery7b69.html]
[mauritius.holidays.io/5-nights-deal/images/favicon.ico]
[mauritius.holidays.io/5-nights-deal/images/speed-boat-trip-south-east-mauritius.jpg]
[mauritius.holidays.io/5-nights-deal/package_iternary03d0.html]
[mauritius.holidays.io/5-nights-deal/package_gallery03d0.html]
[mauritius.holidays.io/accommodation_search.html]
[mauritius.holidays.io/tours_search.html]
[mauritius.holidays.io/transport_search.html]
[mauritius.holidays.io/admin/bootstrap/fonts/glyphicons-halflings-regular.svg]
[mauritius.holidays.io/admin/fonts/ionicons28b5.html]
[mauritius.holidays.io/admin/fonts/ionicons28b5-2.html]
[mauritius.holidays.io/admin/fonts/ionicons28b5-3.html]
[mauritius.holidays.io/admin/fonts/ionicons28b5-4.html]
[mauritius.holidays.io/5-nights-deal03d0.html]
[mauritius.holidays.io/admin/plugins/iCheck/minimal/red.png]
[mauritius.holidays.io/admin/plugins/iCheck/minimal/red@2x.png]
[mauritius.holidays.io/admin/plugins/iCheck/minimal/green.png]
[mauritius.holidays.io/admin/plugins/iCheck/minimal/green@2x.png]
[mauritius.holidays.io/admin/plugins/iCheck/minimal/blue.png]
[mauritius.holidays.io/admin/plugins/iCheck/minimal/blue@2x.png]
[mauritius.holidays.io/admin/plugins/iCheck/minimal/aero.png]
[mauritius.holidays.io/admin/plugins/iCheck/minimal/aero@2x.png]
[mauritius.holidays.io/admin/plugins/iCheck/minimal/grey.png]
[mauritius.holidays.io/admin/plugins/iCheck/minimal/grey@2x.png]
[mauritius.holidays.io/admin/plugins/iCheck/minimal/orange.png]
[mauritius.holidays.io/admin/plugins/iCheck/minimal/orange@2x.png]
[mauritius.holidays.io/admin/plugins/iCheck/minimal/yellow.png]
[mauritius.holidays.io/admin/plugins/iCheck/minimal/yellow@2x.png]
[mauritius.holidays.io/admin/plugins/iCheck/minimal/pink.png]
[mauritius.holidays.io/admin/plugins/iCheck/minimal/pink@2x.png]
[mauritius.holidays.io/admin/plugins/iCheck/minimal/purple.png]
[mauritius.holidays.io/admin/plugins/iCheck/minimal/purple@2x.png]
[mauritius.holidays.io/admin/plugins/iCheck/minimal/_all.css]
[mauritius.holidays.io/admin/plugins/iCheck/square/square.png]
[mauritius.holidays.io/admin/plugins/iCheck/square/square@2x.png]
[mauritius.holidays.io/admin/plugins/iCheck/square/red.png]
[mauritius.holidays.io/admin/plugins/iCheck/square/red@2x.png]
[mauritius.holidays.io/admin/plugins/iCheck/square/green.png]
[mauritius.holidays.io/admin/plugins/iCheck/square/green@2x.png]
[mauritius.holidays.io/admin/plugins/iCheck/square/blue.png]
[mauritius.holidays.io/admin/plugins/iCheck/square/blue@2x.png]
[mauritius.holidays.io/admin/plugins/iCheck/square/aero.png]
[mauritius.holidays.io/admin/plugins/iCheck/square/aero@2x.png]
[mauritius.holidays.io/admin/plugins/iCheck/square/grey.png]
[mauritius.holidays.io/admin/plugins/iCheck/square/grey@2x.png]
[mauritius.holidays.io/admin/plugins/iCheck/square/orange.png]
[mauritius.holidays.io/admin/plugins/iCheck/square/orange@2x.png]
[mauritius.holidays.io/admin/plugins/iCheck/square/yellow.png]
[mauritius.holidays.io/admin/plugins/iCheck/square/yellow@2x.png]
[mauritius.holidays.io/admin/plugins/iCheck/square/pink.png]
[mauritius.holidays.io/admin/plugins/iCheck/square/pink@2x.png]
[mauritius.holidays.io/admin/plugins/iCheck/square/purple.png]
[mauritius.holidays.io/admin/plugins/iCheck/square/purple@2x.png]
[mauritius.holidays.io/admin/plugins/iCheck/square/_all.css]
[mauritius.holidays.io/admin/plugins/iCheck/flat/flat.png]
[mauritius.holidays.io/admin/plugins/iCheck/flat/flat@2x.png]
[mauritius.holidays.io/admin/plugins/iCheck/flat/red.png]
[mauritius.holidays.io/admin/plugins/iCheck/flat/red@2x.png]
[mauritius.holidays.io/admin/plugins/iCheck/flat/green.png]
[mauritius.holidays.io/admin/plugins/iCheck/flat/green@2x.png]
[mauritius.holidays.io/admin/plugins/iCheck/flat/blue.png]
[mauritius.holidays.io/admin/plugins/iCheck/flat/blue@2x.png]
[mauritius.holidays.io/admin/plugins/iCheck/flat/aero.png]
[mauritius.holidays.io/admin/plugins/iCheck/flat/aero@2x.png]
[mauritius.holidays.io/admin/plugins/iCheck/flat/grey.png]
[mauritius.holidays.io/admin/plugins/iCheck/flat/grey@2x.png]
[mauritius.holidays.io/admin/plugins/iCheck/flat/orange.png]
[mauritius.holidays.io/admin/plugins/iCheck/flat/orange@2x.png]
[mauritius.holidays.io/admin/plugins/iCheck/flat/yellow.png]
[mauritius.holidays.io/admin/plugins/iCheck/flat/yellow@2x.png]
[mauritius.holidays.io/admin/plugins/iCheck/flat/pink.png]
[mauritius.holidays.io/admin/plugins/iCheck/flat/pink@2x.png]
[mauritius.holidays.io/admin/plugins/iCheck/flat/purple.png]
[mauritius.holidays.io/admin/plugins/iCheck/flat/purple@2x.png]
[mauritius.holidays.io/admin/plugins/iCheck/flat/_all.css]
[mauritius.holidays.io/admin/plugins/iCheck/line/line.png]
[mauritius.holidays.io/admin/plugins/iCheck/line/line@2x.png]
[mauritius.holidays.io/admin/plugins/iCheck/line/_all.css]
[mauritius.holidays.io/admin/plugins/iCheck/polaris/polaris.png]
[mauritius.holidays.io/admin/plugins/iCheck/polaris/polaris@2x.png]
[mauritius.holidays.io/admin/plugins/iCheck/polaris/polaris.css]
[mauritius.holidays.io/admin/plugins/iCheck/futurico/futurico.png]
[mauritius.holidays.io/admin/plugins/iCheck/futurico/futurico@2x.png]
[mauritius.holidays.io/admin/plugins/iCheck/futurico/futurico.css]
[mauritius.holidays.io/transports3050.html]
[mauritius.holidays.io/transports4442.html]
[mauritius.holidays.io/transportsaca9.html]
[mauritius.holidays.io/grand-bay-suites/accm_roomrate607e.html]
[mauritius.holidays.io/hot_deals.html]
[mauritius.holidays.io/advanced-open-water-diver-course/images/favicon.html]
[mauritius.holidays.io/advanced-open-water-diver-course/web/dist/css/lightbox.min.html]
[mauritius.holidays.io/advanced-open-water-diver-course7b69.html]
[mauritius.holidays.io/hiking-black-river-gorges/images/favicon.html]
[mauritius.holidays.io/hiking-black-river-gorges/web/dist/css/lightbox.min.html]
[mauritius.holidays.io/hiking-black-river-gorges7b69.html]
[mauritius.holidays.io/la-route-du-the/images/favicon.html]
[mauritius.holidays.io/la-route-du-the/web/dist/css/lightbox.min.html]
[mauritius.holidays.io/la-route-du-the7b69.html]
[mauritius.holidays.io/sea-kayaking-ile-dambre/images/favicon.html]
[mauritius.holidays.io/sea-kayaking-ile-dambre/web/dist/css/lightbox.min.html]
[mauritius.holidays.io/sea-kayaking-ile-dambre7b69.html]
[mauritius.holidays.io/skydive/images/favicon.html]
[mauritius.holidays.io/skydive/web/dist/css/lightbox.min.html]
[mauritius.holidays.io/skydive7b69.html]
[mauritius.holidays.io/swim-with-dolphins/images/favicon.html]
[mauritius.holidays.io/swim-with-dolphins/web/dist/css/lightbox.min.html]
[mauritius.holidays.io/swim-with-dolphins7b69.html]
[mauritius.holidays.io/visit-ile-aux-aigrettes/images/favicon.html]
[mauritius.holidays.io/visit-ile-aux-aigrettes/web/dist/css/lightbox.min.html]
[mauritius.holidays.io/visit-ile-aux-aigrettes7b69.html]
[mauritius.holidays.io/zipline-south/images/favicon.html]
[mauritius.holidays.io/zipline-south/web/dist/css/lightbox.min.html]
[mauritius.holidays.io/zipline-south7b69.html]
[mauritius.holidays.io/5-nights-deal/images/favicon.html]
[mauritius.holidays.io/5-nights-deal/images/speed-boat-trip-south-east-mauritius.html]
[mauritius.holidays.io/5-nights-deal03d0.html]
[mauritius.holidays.io/terms_of_use.html]
